[dinerofin.com/index.html]
[backblue.gif]
[fade.gif]
[index.html]
[dinerofin.com/wp-content/uploads/2022/09/30652675-FB74-4D5B-8E72-F0514D1F032D.jpg]
[dinerofin.com/wp-content/plugins/bdthemes-element-pack/assets/css/bdt-uikit5829.css]
[dinerofin.com/index.php/comments/feed/index.html]
[dinerofin.com/index.php/feed/index.html]
[dinerofin.com/wp-content/plugins/bdthemes-element-pack/assets/css/ep-helpere6df.css]
[dinerofin.com/wp-includes/css/dist/block-library/style.minae48.css]
[dinerofin.com/wp-content/plugins/contact-form-7/includes/css/styles3960.css]
[dinerofin.com/wp-content/themes/phlox-pro/css/base74e5.css]
[dinerofin.com/wp-content/themes/phlox-pro/css/auxin-icon74e5.css]
[dinerofin.com/wp-content/plugins/elementor/assets/lib/eicons/css/elementor-icons.min3b94.css]
[dinerofin.com/wp-content/themes/phlox-pro/css/main74e5.css]
[dinerofin.com/wp-content/plugins/elementor/assets/css/frontend-lite.minfb6f.css]
[dinerofin.com/wp-content/plugins/elementor/assets/lib/swiper/css/swiper.min48f5.css]
[dinerofin.com/wp-content/uploads/elementor/css/post-7edf8.css]
[dinerofin.com/wp-content/themes/phlox-pro/css/other/elementor74e5.css]
[dinerofin.com/wp-includes/js/mediaelement/mediaelementplayer-legacy.min1f61.css]
[dinerofin.com/wp-includes/js/mediaelement/wp-mediaelement.minae48.css]
[dinerofin.com/wp-content/uploads/elementor/css/post-13251cc0.css]
[dinerofin.com/wp-content/plugins/masterslider/public/assets/css/masterslider.main3ab2.css]
[dinerofin.com/wp-content/uploads/phlox-pro/custom9b2d.css]
[dinerofin.com/wp-content/themes/phlox-pro/css/go-pricing74e5.css]
[dinerofin.com/wp-content/uploads/elementor/css/post-13451cc0.css]
[dinerofin.com/wp-content/uploads/elementor/css/post-177702b0.css]
[dinerofin.com/wp-content/plugins/elementor/assets/lib/font-awesome/css/fontawesome.min52d5.css]
[dinerofin.com/wp-content/plugins/elementor/assets/lib/font-awesome/css/brands.min52d5.css]
[dinerofin.com/wp-content/plugins/elementor/assets/lib/font-awesome/css/solid.min52d5.css]
[dinerofin.com/wp-includes/js/jquery/jquery.mina767.js]
[dinerofin.com/wp-includes/js/jquery/jquery-migrate.min6b00.js]
[dinerofin.com/wp-content/plugins/auxin-pro-tools/admin/assets/js/elementor/widgetsc245.js]
[dinerofin.com/wp-content/plugins/masterslider/includes/modules/elementor/assets/js/elementor-widgets3ab2.js]
[dinerofin.com/wp-content/themes/phlox-pro/js/solo/modernizr-custom.min74e5.js]
[dinerofin.com/index.php/wp-json/index.html]
[dinerofin.com/index.php/wp-json/wp/v2/pages/1325.json]
[dinerofin.com/xmlrpc0db0.php]
[dinerofin.com/wp-includes/wlwmanifest.xml]
[dinerofin.com/index.php/wp-json/oembed/1.0/embed51ef.json]
[dinerofin.com/index.php/wp-json/oembed/1.0/embed269b]
[dinerofin.com/wp-content/plugins/masterslider/public/assets/css/common/grabbing.cur]
[dinerofin.com/wp-content/plugins/masterslider/public/assets/css/common/grab.cur]
[dinerofin.com/index.php/trading-platforms/index.html]
[dinerofin.com/index.php/trading-products/index.html]
[dinerofin.com/index.php/margin-leverage/index.html]
[dinerofin.com/index.php/trading-conditions/index.html]
[translate.google.com/translate_a/element.277876.delayed]
[dinerofin.com/index.php/faq/index.html]
[dinerofin.com/index.php/contact-us/index.html]
[dinerofin.com/index.php/safety-2/index.html]
[dinerofin.com/wp-content/uploads/2022/12/cropped-Untitled-Design-66.png]
[dinerofin.com/wp-content/uploads/2022/12/Untitled-Design-65.png]
[dinerofin.com/m/user/dashboard]
[dinerofin.com/index.php/about/index.html]
[dinerofin.com//login.html]
[globalactivetrades.com/wp-content/plugins/gtranslate/flags/24/en.png]
[dinerofin.com//register.html]
[dinerofin.com/wp-content/uploads/2022/11/hero_platform3-removebg-preview.png]
[dinerofin.com/wp-content/uploads/2022/11/hero_platform4-removebg-preview.png]
[dinerofin.com/wp-content/uploads/2022/11/hero_platform1-removebg-preview.png]
[dinerofin.com/wp-content/uploads/2022/11/hero_platform2-removebg-preview.png]
[dinerofin.com/wp-content/uploads/2022/12/market_crypto.png]
[dinerofin.com/wp-content/uploads/2022/12/market_forex-1.png]
[dinerofin.com/wp-content/uploads/2022/12/market_stocks_indices.png]
[dinerofin.com/wp-content/uploads/2022/12/market_commodities.png]
[dinerofin.com/wp-content/uploads/2022/12/trade_type_cfds-1.png]
[dinerofin.com/wp-content/uploads/2022/12/trade_type_multipliers.png]
[dinerofin.com/wp-content/uploads/2022/12/trade_type_digitaloptions.png]
[dinerofin.com/wp-content/uploads/2022/12/star-trustpilot-flag-recycling-symbol-star-symbol-transparent-png-1026687-removebg-preview.png]
[dinerofin.com/wp-content/uploads/2022/12/p2p_home_banner.png]
[dinerofin.com/wp-content/uploads/2022/11/blog.jpg]
[dinerofin.com/wp-content/uploads/2022/11/slide1.jpg]
[dinerofin.com/m/account/register]
[dinerofin.com/m/account/login]
[dinerofin.com/m/user-password/reset.html]
[dinerofin.com/m/user/kyc]
[dinerofin.com/wp-content/uploads/2022/10/Bitcoin_accepted_here_printable-e1664979454895.png]
[dinerofin.com/wp-content/uploads/2022/10/download-6-e1664979493857.png]
[dinerofin.com/wp-content/uploads/2022/10/download-7-e1664979591920.png]
[dinerofin.com/wp-content/uploads/2022/10/download-8-e1664979724708.png]
[dinerofin.com/wp-content/plugins/bdthemes-element-pack/assets/css/ep-animated-carde6df.css]
[dinerofin.com/wp-content/uploads/elementor/css/post-46256902.css]
[dinerofin.com/wp-content/uploads/elementor/css/post-46196902.css]
[dinerofin.com/wp-content/uploads/elementor/css/post-46226902.css]
[dinerofin.com/wp-content/plugins/bdthemes-element-pack/assets/css/ep-advanced-icon-boxe6df.css]
[dinerofin.com/wp-content/uploads/elementor/css/post-4746ed0d.css]
[dinerofin.com/wp-content/uploads/elementor/css/post-4749ed0d.css]
[dinerofin.com/wp-content/uploads/elementor/css/post-4777ed0d.css]
[dinerofin.com/wp-content/uploads/elementor/css/post-4774ed0d.css]
[dinerofin.com/wp-content/uploads/elementor/css/post-4771ed0d.css]
[dinerofin.com/wp-content/uploads/elementor/css/post-4768ed0d.css]
[dinerofin.com/wp-content/uploads/elementor/css/post-4765ed0d.css]
[dinerofin.com/wp-content/uploads/elementor/css/post-47624293.css]
[dinerofin.com/wp-content/uploads/elementor/css/post-47594293.css]
[dinerofin.com/wp-content/uploads/elementor/css/post-47564293.css]
[dinerofin.com/wp-content/plugins/bdthemes-element-pack/assets/css/ep-slidere6df.css]
[dinerofin.com/wp-content/plugins/bdthemes-element-pack/assets/css/ep-fonte6df.css]
[dinerofin.com/wp-content/plugins/bdthemes-element-pack/assets/css/ep-advanced-headinge6df.css]
[dinerofin.com/wp-content/plugins/bdthemes-element-pack/assets/css/ep-switchere6df.css]
[dinerofin.com/wp-content/plugins/elementor/assets/lib/animations/animations.minfb6f.css]
[dinerofin.com/wp-includes/js/imagesloaded.mineda1.js]
[dinerofin.com/wp-includes/js/masonry.min3a05.js]
[dinerofin.com/wp-content/themes/phlox-pro/js/scripts.min74e5.js]
[dinerofin.com/wp-content/themes/phlox-pro/js/plugins.min74e5.js]
[dinerofin.com/wp-content/plugins/masterslider/public/assets/js/jquery.easing.min3ab2.js]
[dinerofin.com/wp-content/plugins/masterslider/public/assets/js/masterslider.min3ab2.js]
[dinerofin.com/wp-content/plugins/auxin-elements/admin/assets/js/elementor/widgets23c5.js]
[dinerofin.com/wp-includes/js/mediaelement/mediaelement-and-player.min1f61.js]
[dinerofin.com/wp-includes/js/mediaelement/mediaelement-migrate.minae48.js]
[dinerofin.com/wp-includes/js/mediaelement/wp-mediaelement.minae48.js]
[dinerofin.com/wp-content/plugins/auxin-elements/public/assets/js/plugins.min23c5.js]
[dinerofin.com/wp-content/plugins/auxin-elements/public/assets/js/scripts23c5.js]
[dinerofin.com/wp-content/plugins/elementor/assets/lib/jquery-numerator/jquery-numerator.min3958.js]
[dinerofin.com/wp-content/plugins/auxin-pro-tools/public/assets/js/pro-toolsc245.js]
[dinerofin.com/wp-content/plugins/contact-form-7/includes/swv/js/index3960.js]
[dinerofin.com/wp-content/plugins/contact-form-7/includes/js/index3960.js]
[dinerofin.com/wp-content/plugins/bdthemes-element-pack/assets/vendor/js/morphext.min3575.js]
[dinerofin.com/wp-content/plugins/bdthemes-element-pack/assets/vendor/js/typed.min.js]
[dinerofin.com/wp-content/plugins/bdthemes-element-pack/assets/vendor/js/gsap.mina560.js]
[dinerofin.com/wp-content/plugins/bdthemes-element-pack/assets/vendor/js/SplitText.mina560.js]
[dinerofin.com/wp-content/plugins/bdthemes-element-pack/assets/js/bdt-uikit.min5829.js]
[dinerofin.com/wp-content/plugins/elementor/assets/js/webpack.runtime.minfb6f.js]
[dinerofin.com/wp-content/plugins/elementor/assets/js/frontend-modules.minfb6f.js]
[dinerofin.com/wp-content/plugins/elementor/assets/lib/waypoints/waypoints.min05da.js]
[dinerofin.com/wp-includes/js/jquery/ui/core.min3f14.js]
[dinerofin.com/wp-content/plugins/elementor/assets/js/frontend.minfb6f.js]
[dinerofin.com/wp-content/plugins/bdthemes-element-pack/assets/js/modules/ep-animated-heading.mine6df.js]
[dinerofin.com/wp-content/plugins/bdthemes-element-pack/assets/js/modules/ep-advanced-icon-box.mine6df.js]
[dinerofin.com/wp-content/plugins/bdthemes-element-pack/assets/js/modules/ep-slider.mine6df.js]
[dinerofin.com/wp-content/plugins/bdthemes-element-pack/assets/js/modules/ep-advanced-heading.mine6df.js]
[dinerofin.com/wp-content/plugins/bdthemes-element-pack/assets/js/modules/ep-switcher.mine6df.js]
[dinerofin.com/index.html]
[dinerofin.com/wp-content/plugins/bdthemes-element-pack/images/backgrounds/divider-icon.svg]
[dinerofin.com/wp-content/plugins/bdthemes-element-pack/images/backgrounds/list-bullet.svg]
[dinerofin.com/wp-content/plugins/bdthemes-element-pack/assets/images/backgrounds/form-select.svg]
[dinerofin.com/wp-content/plugins/bdthemes-element-pack/images/backgrounds/form-datalist.svg]
[dinerofin.com/wp-content/plugins/bdthemes-element-pack/assets/images/backgrounds/form-radio.svg]
[dinerofin.com/wp-content/plugins/bdthemes-element-pack/assets/images/backgrounds/form-checkbox.svg]
[dinerofin.com/wp-content/plugins/bdthemes-element-pack/assets/images/backgrounds/form-checkbox-indeterminate.svg]
[dinerofin.com/wp-content/plugins/bdthemes-element-pack/assets/css/bdt-uikit5829.css]
[dinerofin.com/wp-content/plugins/bdthemes-element-pack/assets/images/loading.svg]
[dinerofin.com/wp-content/plugins/bdthemes-element-pack/assets/css/ep-helpere6df.css]
[dinerofin.com/wp-includes/css/dist/block-library/style.minae48.css]
[dinerofin.com/wp-includes/css/classic-themes.minae48.css]
[dinerofin.com/wp-content/plugins/contact-form-7/includes/css/styles3960.css]
[dinerofin.com/wp-content/themes/phlox-pro/css/base74e5.css]
[dinerofin.com/wp-content/themes/phlox-pro/css/fonts/fontastic/auxicon/auxin-front.eot]
[dinerofin.com/wp-content/themes/phlox-pro/css/fonts/fontastic/auxicon/auxin-front.woff]
[dinerofin.com/wp-content/themes/phlox-pro/css/fonts/fontastic/auxicon/auxin-frontd41d.eot]
[dinerofin.com/wp-content/themes/phlox-pro/css/fonts/fontastic/auxicon/auxin-front.svg]
[dinerofin.com/wp-content/themes/phlox-pro/css/fonts/fontastic/auxicon2/auxin-front-2.eot]
[dinerofin.com/wp-content/themes/phlox-pro/css/fonts/fontastic/auxicon/auxin-front.ttf]
[dinerofin.com/wp-content/themes/phlox-pro/css/fonts/fontastic/auxicon2/auxin-front-2d41d.eot]
[dinerofin.com/wp-content/themes/phlox-pro/css/fonts/fontastic/auxicon2/auxin-front-2.woff]
[dinerofin.com/wp-content/themes/phlox-pro/css/fonts/fontastic/auxicon2/auxin-front-2.ttf]
[dinerofin.com/wp-content/themes/phlox-pro/css/fonts/fontastic/auxicon2/auxin-front-2.svg]
[dinerofin.com/wp-content/themes/phlox-pro/css/auxin-icon74e5.css]
[dinerofin.com/wp-content/themes/phlox-pro/css/images/svg/symbols.svg]
[dinerofin.com/wp-content/themes/phlox-pro/css/images/svg/downarrow.svg]
[dinerofin.com/wp-content/themes/phlox-pro/css/images/svg/spinner-default.svg]
[dinerofin.com/wp-content/themes/phlox-pro/css/images/svg/spinner-light.svg]
[dinerofin.com/wp-content/themes/phlox-pro/css/images/svg/spinner-dark.svg]
[dinerofin.com/wp-content/themes/phlox-pro/css/images/photoswipe/default-skin.png]
[dinerofin.com/wp-content/themes/phlox-pro/css/images/photoswipe/default-skin.svg]
[dinerofin.com/wp-content/themes/phlox-pro/css/images/photoswipe/preloader.gif]
[dinerofin.com/wp-content/themes/phlox-pro/css/images/controls/arrows/small-arrow-down.svg]
[dinerofin.com/wp-content/themes/phlox-pro/css/images/svg/checkbox.svg]
[dinerofin.com/wp-content/themes/phlox-pro/css/other/mejs/dark-video-play.svg]
[dinerofin.com/wp-content/themes/phlox-pro/css/other/mejs/dark-player.controls.svg]
[dinerofin.com/wp-content/themes/phlox-pro/css/other/mejs/light-video-play.svg]
[dinerofin.com/wp-content/themes/phlox-pro/css/other/mejs/light-player.controls.svg]
[dinerofin.com/wp-content/themes/phlox-pro/css/images/svg/play.svg]
[dinerofin.com/wp-content/themes/phlox-pro/css/images/svg/pause.svg]
[dinerofin.com/wp-content/themes/phlox-pro/css/images/controls/arrows/small-arrow-down-white.svg]
[dinerofin.com/wp-content/themes/phlox-pro/css/images/svg/leftarrow.svg]
[dinerofin.com/wp-content/themes/phlox-pro/css/images/svg/rightarrow.svg]
[dinerofin.com/wp-content/themes/phlox-pro/css/images/svg/404.svg]
[dinerofin.com/wp-content/themes/phlox-pro/css/images/svg/reply.svg]
[dinerofin.com/wp-content/themes/phlox-pro/css/main74e5.css]
[dinerofin.com/wp-content/plugins/elementor/assets/lib/eicons/fonts/eiconsd6bb.eot]
[dinerofin.com/wp-content/plugins/elementor/assets/lib/eicons/fonts/eiconsd6bb.woff2]
[dinerofin.com/wp-content/plugins/elementor/assets/lib/eicons/fonts/eiconsd6bb.woff]
[dinerofin.com/wp-content/plugins/elementor/assets/lib/eicons/fonts/eiconsd6bb.ttf]
[dinerofin.com/wp-content/plugins/elementor/assets/lib/eicons/css/elementor-icons.min3b94.css]
[dinerofin.com/wp-content/plugins/elementor/assets/css/frontend-lite.minfb6f.css]
[dinerofin.com/wp-content/plugins/elementor/assets/lib/swiper/css/swiper.min48f5.css]
[dinerofin.com/wp-content/uploads/elementor/css/post-7edf8.css]
[dinerofin.com/wp-content/themes/phlox-pro/css/other/elementor74e5.css]
[dinerofin.com/wp-content/plugins/auxin-elements/admin/assets/css/elementor-widgets23c5.css]
[dinerofin.com/wp-content/plugins/elementor/assets/lib/eicons/fonts/eiconsd6bb.svg]
[dinerofin.com/wp-includes/js/mediaelement/mediaelementplayer-legacy.min1f61.css]
[dinerofin.com/wp-includes/js/mediaelement/wp-mediaelement.minae48.css]
[dinerofin.com/wp-includes/js/mediaelement/mejs-controls.svg]
[dinerofin.com/wp-content/uploads/2022/10/840@1x.png]
[dinerofin.com/wp-content/uploads/2022/11/investment.jpg]
[dinerofin.com/wp-content/uploads/2022/11/counterbg.jpg]
[dinerofin.com/wp-content/uploads/2022/11/hero_bg.png]
[dinerofin.com/wp-content/uploads/elementor/css/post-13251cc0.css]
[dinerofin.com/wp-content/plugins/masterslider/public/assets/css/common/loading-2.gif]
[dinerofin.com/wp-content/plugins/masterslider/public/assets/css/common/grab.png]
[dinerofin.com/wp-content/plugins/masterslider/public/assets/css/common/grabbing.png]
[dinerofin.com/wp-content/plugins/masterslider/public/assets/css/common/video-close-btn.png]
[dinerofin.com/wp-content/plugins/masterslider/public/assets/css/skins/light-skin-1.png]
[dinerofin.com/wp-content/plugins/masterslider/public/assets/css/skins/light-skin-1-retina.png]
[dinerofin.com/wp-content/plugins/masterslider/public/assets/css/skins/black-skin-1.png]
[dinerofin.com/wp-content/plugins/masterslider/public/assets/css/skins/black-skin-1-retina.png]
[dinerofin.com/wp-content/plugins/masterslider/public/assets/css/skins/black-skin-2.png]
[dinerofin.com/wp-content/plugins/masterslider/public/assets/css/skins/black-skin-2-retina.png]
[dinerofin.com/wp-content/plugins/masterslider/public/assets/css/skins/light-skin-2.png]
[dinerofin.com/wp-content/plugins/masterslider/public/assets/css/skins/light-skin-2-retina.png]
[dinerofin.com/wp-content/plugins/masterslider/public/assets/css/skins/light-skin-3.png]
[dinerofin.com/wp-content/plugins/masterslider/public/assets/css/skins/light-skin-3-retina.png]
[dinerofin.com/wp-content/plugins/masterslider/public/assets/css/skins/light-skin-4.png]
[dinerofin.com/wp-content/plugins/masterslider/public/assets/css/skins/light-skin-4-retina.png]
[dinerofin.com/wp-content/plugins/masterslider/public/assets/css/skins/light-skin-5.png]
[dinerofin.com/wp-content/plugins/masterslider/public/assets/css/skins/light-skin-5-retina.png]
[dinerofin.com/wp-content/plugins/masterslider/public/assets/css/skins/light-skin-6.png]
[dinerofin.com/wp-content/plugins/masterslider/public/assets/css/skins/light-skin-6-retina.png]
[dinerofin.com/wp-content/plugins/masterslider/public/assets/css/skins/metro-skin.png]
[dinerofin.com/wp-content/plugins/masterslider/public/assets/css/skins/metro-skin-retina.png]
[dinerofin.com/wp-content/plugins/masterslider/public/assets/css/skins/minimal.svg]
[dinerofin.com/wp-content/plugins/masterslider/public/assets/css/skins/contrast-skin.png]
[dinerofin.com/wp-content/plugins/masterslider/public/assets/css/skins/contrast-skin-retina.png]
[dinerofin.com/wp-content/plugins/masterslider/public/assets/css/templates/device-skin.png]
[dinerofin.com/wp-content/plugins/masterslider/public/assets/css/templates/gallery-btns.png]
[dinerofin.com/wp-content/plugins/masterslider/public/assets/css/templates/staff-arrows.png]
[dinerofin.com/wp-content/plugins/masterslider/public/assets/css/templates/vertical-arrows.png]
[dinerofin.com/wp-content/plugins/masterslider/public/assets/css/masterslider.main3ab2.css]
[dinerofin.com/wp-content/uploads/masterslider/custom4963.css]
[dinerofin.com/wp-content/uploads/phlox-pro/custom9b2d.css]
[dinerofin.com/wp-content/themes/phlox-pro/css/go-pricing74e5.css]
[dinerofin.com/wp-content/uploads/elementor/css/post-13451cc0.css]
[dinerofin.com/wp-content/uploads/elementor/css/post-177702b0.css]
[dinerofin.com/wp-content/plugins/elementor/assets/lib/font-awesome/css/fontawesome.min52d5.css]
[dinerofin.com/wp-content/plugins/elementor/assets/lib/font-awesome/webfonts/fa-brands-400.eot]
[dinerofin.com/wp-content/plugins/elementor/assets/lib/font-awesome/webfonts/fa-brands-400d41d.eot]
[dinerofin.com/wp-content/plugins/elementor/assets/lib/font-awesome/webfonts/fa-brands-400.woff2]
[dinerofin.com/wp-content/plugins/elementor/assets/lib/font-awesome/webfonts/fa-brands-400.woff]
[dinerofin.com/wp-content/plugins/elementor/assets/lib/font-awesome/webfonts/fa-brands-400.ttf]
[dinerofin.com/wp-content/plugins/elementor/assets/lib/font-awesome/css/brands.min52d5.css]
[dinerofin.com/wp-content/plugins/elementor/assets/lib/font-awesome/webfonts/fa-solid-900.eot]
[dinerofin.com/wp-content/plugins/elementor/assets/lib/font-awesome/webfonts/fa-solid-900d41d.eot]
[dinerofin.com/wp-content/plugins/elementor/assets/lib/font-awesome/webfonts/fa-brands-400.svg]
[dinerofin.com/wp-content/plugins/elementor/assets/lib/font-awesome/webfonts/fa-solid-900.woff2]
[dinerofin.com/wp-content/plugins/elementor/assets/lib/font-awesome/webfonts/fa-solid-900.woff]
[dinerofin.com/wp-content/plugins/elementor/assets/lib/font-awesome/webfonts/fa-solid-900.ttf]
[dinerofin.com/wp-content/plugins/elementor/assets/lib/font-awesome/css/solid.min52d5.css]
[dinerofin.com/wp-includes/js/jquery/jquery.mina767.js]
[dinerofin.com/wp-includes/js/jquery/jquery-migrate.min6b00.js]
[dinerofin.com/wp-content/plugins/auxin-pro-tools/admin/assets/js/elementor/widgetsc245.js]
[dinerofin.com/wp-content/plugins/masterslider/includes/modules/elementor/assets/js/elementor-widgets3ab2.js]
[dinerofin.com/wp-content/themes/phlox-pro/js/solo/modernizr-custom.min74e5.js]
[dinerofin.com/wp-content/plugins/elementor/assets/lib/font-awesome/webfonts/fa-solid-900.svg]
[base30livetrade.com/wp-content/uploads/2022/09/home-laptop-removebg-preview.png]
[dinerofin.com/wp-content/uploads/elementor/css/post-26329cc8.css]
[dinerofin.com/index.php/wp-json/wp/v2/pages/2632.json]
[dinerofin.com/index.php/wp-json/oembed/1.0/embed2d76.json]
[dinerofin.com/index.php/wp-json/oembed/1.0/embedc430]
[dinerofin.com/wp-content/uploads/2022/09/home-laptop-removebg-preview.png]
[dinerofin.com/wp-content/uploads/2022/09/home-laptop-1.jpg]
[dinerofin.com/m/user/kyc]
[dinerofin.com/index.php/trading-platforms/index.html]
[base30livetrade.com/wp-content/uploads/2022/10/admin-ajax__5_-removebg-preview.png]
[dinerofin.com/wp-content/uploads/elementor/css/post-25175ce0.css]
[dinerofin.com/index.php/wp-json/wp/v2/pages/2517.json]
[dinerofin.com/index.php/wp-json/oembed/1.0/embed0686.json]
[dinerofin.com/index.php/wp-json/oembed/1.0/embed2dc6]
[dinerofin.com/wp-content/uploads/2022/10/admin-ajax__5_-removebg-preview.png]
[s3.tradingview.com/external-embedding/embed-widget-screener.js]
[s3.tradingview.com/external-embedding/embed-widget-market-quotes.js]
[s3.tradingview.com/external-embedding/embed-widget-market-overview.js]
[s3.tradingview.com/external-embedding/embed-widget-forex-cross-rates.js]
[dinerofin.com/wp-content/uploads/2022/10/shares-logos-1.jpg]
[dinerofin.com/m/user/kyc.ee.delayed]
[dinerofin.com/wp-content/uploads/elementor/css/post-26601bfd.css]
[dinerofin.com/wp-content/uploads/elementor/css/post-26981bfd.css]
[dinerofin.com/wp-content/uploads/elementor/css/post-26571bfd.css]
[dinerofin.com/wp-content/uploads/elementor/css/post-2669fc46.css]
[dinerofin.com/wp-content/plugins/bdthemes-element-pack/assets/css/ep-tabse6df.css]
[dinerofin.com/index.php/trading-products/index.html]
[dinerofin.com/wp-content/plugins/bdthemes-element-pack/assets/js/modules/ep-tabs.mine6df.js]
[dinerofin.com/wp-content/uploads/elementor/css/post-26102d60.css]
[dinerofin.com/index.php/wp-json/wp/v2/pages/2610.json]
[dinerofin.com/index.php/wp-json/oembed/1.0/embed076f.json]
[dinerofin.com/index.php/wp-json/oembed/1.0/embedbb6f]
[dinerofin.com/index.php/margin-leverage/index.html]
[dinerofin.com/wp-content/uploads/2022/12/platforms_api.png]
[dinerofin.com/wp-content/uploads/elementor/css/post-2577ef09.css]
[dinerofin.com/index.php/wp-json/wp/v2/pages/2577.json]
[dinerofin.com/index.php/wp-json/oembed/1.0/embed55aa.json]
[dinerofin.com/index.php/wp-json/oembed/1.0/embedc722]
[dinerofin.com/wp-content/uploads/2022/12/platforms_smarttrader.png]
[dinerofin.com/index.php/trading-conditions/index.html]
[dinerofin.com/wp-content/uploads/2022/10/trade-app-screen-currency-vector-29921720-e1664893614920.jpg]
[dinerofin.com/wp-content/uploads/elementor/css/post-27759f50.css]
[dinerofin.com/index.php/wp-json/wp/v2/pages/2775.json]
[dinerofin.com/index.php/wp-json/oembed/1.0/embede820.json]
[dinerofin.com/index.php/wp-json/oembed/1.0/embedff4f]
[dinerofin.com/wp-content/uploads/2022/10/trade-app-screen-currency-vector-29921720-e1664893614920-90x90.jpg]
[dinerofin.com/wp-content/plugins/elementor/assets/css/widget-icon-box.min.css]
[dinerofin.com/wp-content/plugins/bdthemes-element-pack/assets/css/ep-contact-forme6df.css]
[dinerofin.com/wp-content/plugins/bdthemes-element-pack/assets/js/modules/ep-contact-form.mine6df.js]
[dinerofin.com/index.php/contact-us/index.html]
[dinerofin.com/wp-content/uploads/elementor/css/post-278549ca.css]
[dinerofin.com/index.php/wp-json/wp/v2/pages/2785.json]
[dinerofin.com/index.php/wp-json/oembed/1.0/embed56c6.json]
[dinerofin.com/index.php/wp-json/oembed/1.0/embedce14]
[dinerofin.com/index.php/faq/index.html]
[dinerofin.com/wp-content/uploads/2022/12/platforms_derivx-1-1.png]
[dinerofin.com/wp-content/uploads/elementor/css/post-28044b49.css]
[dinerofin.com/index.php/wp-json/wp/v2/pages/2804.json]
[dinerofin.com/index.php/wp-json/oembed/1.0/embedf1e3.json]
[dinerofin.com/index.php/wp-json/oembed/1.0/embed2e39]
[dinerofin.com/index.php/safety-2/index.html]
[dinerofin.com/wp-content/uploads/elementor/css/post-2855ec14.css]
[dinerofin.com/wp-content/plugins/elementor/assets/lib/font-awesome/css/regular.min52d5.css]
[dinerofin.com/index.php/wp-json/wp/v2/pages/2855.json]
[dinerofin.com/index.php/wp-json/oembed/1.0/embed97bf.json]
[dinerofin.com/index.php/wp-json/oembed/1.0/embed30a9]
[dinerofin.com/index.php/about/index.html]
[dinerofin.com/m/asset/images/favicon_1671052531.png]
[dinerofin.com/m/asset/css/toast.css]
[dinerofin.com/m/asset/fonts/fontawesome/css/all.css]
[dinerofin.com/m/asset/dashboard/newUI/css/style.css]
[translate.google.com/translate_a/element7a1d.js]
[dinerofin.com/https_]
[dinerofin.com/m/asset/dashboard/newUI/plugins/common/common.min.js]
[dinerofin.com/m/asset/dashboard/newUI/js/custom.min.js]
[dinerofin.com/m/asset/dashboard/newUI/js/settings.js]
[dinerofin.com/m/asset/dashboard/newUI/js/gleek.js]
[dinerofin.com/m/asset/dashboard/newUI/js/styleSwitcher.js]
[dinerofin.com//login.html]
[dinerofin.com/m/asset/js/toast.js]
[dinerofin.com//register.html]
[dinerofin.com/m/account/register.html]
[dinerofin.com/m/account/login.html]
[dinerofin.com/m/user-password/reset.html]
[dinerofin.com/wp-content/plugins/bdthemes-element-pack/assets/css/ep-animated-carde6df.css]
[dinerofin.com/wp-content/uploads/elementor/css/post-46256902.css]
[dinerofin.com/wp-content/uploads/elementor/css/post-46196902.css]
[dinerofin.com/wp-content/uploads/elementor/css/post-46226902.css]
[dinerofin.com/wp-content/plugins/bdthemes-element-pack/assets/css/ep-advanced-icon-boxe6df.css]
[dinerofin.com/wp-content/uploads/elementor/css/post-4746ed0d.css]
[dinerofin.com/wp-content/uploads/elementor/css/post-4749ed0d.css]
[dinerofin.com/wp-content/uploads/elementor/css/post-4777ed0d.css]
[dinerofin.com/wp-content/uploads/elementor/css/post-4774ed0d.css]
[dinerofin.com/wp-content/uploads/elementor/css/post-4771ed0d.css]
[dinerofin.com/wp-content/uploads/elementor/css/post-4768ed0d.css]
[dinerofin.com/wp-content/uploads/elementor/css/post-4765ed0d.css]
[dinerofin.com/wp-content/uploads/elementor/css/post-47624293.css]
[dinerofin.com/wp-content/uploads/elementor/css/post-47594293.css]
[dinerofin.com/wp-content/uploads/elementor/css/post-47564293.css]
[dinerofin.com/wp-content/plugins/bdthemes-element-pack/assets/css/ep-slidere6df.css]
[dinerofin.com/wp-content/uploads/elementor/css/post-46006902.css]
[dinerofin.com/wp-content/plugins/bdthemes-element-pack/assets/css/ep-animated-headinge6df.css]
[dinerofin.com/wp-content/plugins/bdthemes-element-pack/assets/fonts/element-pack1568.woff2]
[dinerofin.com/wp-content/plugins/bdthemes-element-pack/assets/fonts/element-pack1568.ttf]
[dinerofin.com/wp-content/plugins/bdthemes-element-pack/assets/fonts/element-pack1568.woff]
[dinerofin.com/wp-content/plugins/bdthemes-element-pack/assets/css/ep-fonte6df.css]
[dinerofin.com/wp-content/plugins/bdthemes-element-pack/assets/css/ep-advanced-headinge6df.css]
[dinerofin.com/wp-content/plugins/bdthemes-element-pack/assets/css/ep-switchere6df.css]
[dinerofin.com/wp-content/plugins/elementor/assets/lib/animations/animations.minfb6f.css]
[dinerofin.com/wp-includes/js/imagesloaded.mineda1.js]
[dinerofin.com/wp-includes/js/masonry.min3a05.js]
[dinerofin.com/wp-content/plugins/bdthemes-element-pack/assets/fonts/element-pack1568.svg]
[dinerofin.com/wp-content/themes/phlox-pro/js/plugins.min74e5.js]
[dinerofin.com/wp-content/themes/phlox-pro/js/scripts.min74e5.js]
[dinerofin.com/wp-content/plugins/masterslider/public/assets/js/jquery.easing.min3ab2.js]
[dinerofin.com/+window.ms_grabbing_curosr+]
[dinerofin.com/+window.ms_grab_curosr+]
[dinerofin.com/wp-content/plugins/masterslider/public/assets/js/masterslider.min3ab2.js]
[dinerofin.com/wp-content/plugins/auxin-elements/admin/assets/js/elementor/widgets23c5.js]
[dinerofin.com/GET]
[dinerofin.com/wp-includes/js/mediaelement/mediaelement-and-player.min1f61.js]
[dinerofin.com/wp-includes/js/mediaelement/mediaelement-migrate.minae48.js]
[dinerofin.com/wp-includes/js/mediaelement/wp-mediaelement.minae48.js]
[dinerofin.com/wp-content/plugins/auxin-elements/public/assets/js/plugins.min23c5.js]
[dinerofin.com/wp-content/plugins/auxin-elements/public/assets/js/scripts23c5.js]
[dinerofin.com/wp-content/plugins/elementor/assets/lib/jquery-numerator/jquery-numerator.min3958.js]
[dinerofin.com/wp-content/plugins/auxin-pro-tools/public/assets/js/pro-toolsc245.js]
[dinerofin.com/t]
[dinerofin.com/wp-content/plugins/contact-form-7/includes/swv/js/index3960.js]
[dinerofin.com/wp-content/plugins/contact-form-7/includes/js/index3960.js]
[dinerofin.com/wp-content/uploads/phlox-pro/custom271b.js]
[dinerofin.com/wp-content/plugins/bdthemes-element-pack/assets/vendor/js/morphext.min3575.js]
[dinerofin.com/wp-content/plugins/bdthemes-element-pack/assets/vendor/js/typed.min.js]
[dinerofin.com/wp-content/plugins/bdthemes-element-pack/assets/vendor/js/gsap.mina560.js]
[dinerofin.com/wp-content/plugins/bdthemes-element-pack/assets/vendor/js/SplitText.mina560.js]
[dinerofin.com/wp-content/plugins/bdthemes-element-pack/assets/js/bdt-uikit.min5829.js]
[dinerofin.com/wp-content/plugins/elementor/assets/js/webpack.runtime.minfb6f.js]
[dinerofin.com/wp-content/plugins/elementor/assets/js/frontend-modules.minfb6f.js]
[dinerofin.com/wp-content/plugins/elementor/assets/lib/waypoints/waypoints.min05da.js]
[dinerofin.com/wp-includes/js/jquery/ui/core.min3f14.js]
[dinerofin.com/-negative.svg]
[dinerofin.com/wp-content/plugins/elementor/assets/js/frontend.minfb6f.js]
[dinerofin.com/wp-content/plugins/bdthemes-element-pack/assets/js/modules/ep-animated-heading.mine6df.js]
[dinerofin.com/wp-content/plugins/bdthemes-element-pack/assets/js/modules/ep-advanced-icon-box.mine6df.js]
[dinerofin.com/wp-content/plugins/bdthemes-element-pack/assets/js/modules/ep-slider.mine6df.js]
[dinerofin.com/wp-content/plugins/bdthemes-element-pack/assets/js/modules/ep-advanced-heading.mine6df.js]
[dinerofin.com/wp-content/plugins/bdthemes-element-pack/assets/js/modules/ep-switcher.mine6df.js]
[dinerofin.com/wp-content/plugins/bdthemes-element-pack/assets/js/common/helper.mine6df.js]
[dinerofin.com/wp-content/plugins/bdthemes-element-pack/images/backgrounds/divider-icon.html]
[dinerofin.com/wp-content/plugins/bdthemes-element-pack/images/backgrounds/list-bullet.html]
[dinerofin.com/wp-content/plugins/bdthemes-element-pack/assets/images/backgrounds/form-select.html]
[dinerofin.com/wp-content/plugins/bdthemes-element-pack/images/backgrounds/form-datalist.html]
[dinerofin.com/wp-content/plugins/bdthemes-element-pack/assets/images/backgrounds/form-radio.html]
[dinerofin.com/wp-content/plugins/bdthemes-element-pack/assets/images/backgrounds/form-checkbox.html]
[dinerofin.com/wp-content/plugins/bdthemes-element-pack/assets/images/backgrounds/form-checkbox-indeterminate.html]
[dinerofin.com/wp-content/plugins/bdthemes-element-pack/assets/images/loading.svg]
[dinerofin.com/wp-content/themes/phlox-pro/css/fonts/fontastic/auxicon/auxin-front.svg]
[dinerofin.com/wp-content/themes/phlox-pro/css/fonts/fontastic/auxicon2/auxin-front-2.svg]
[dinerofin.com/wp-content/themes/phlox-pro/css/images/svg/symbols.svg]
[dinerofin.com/wp-content/themes/phlox-pro/css/images/svg/downarrow.svg]
[dinerofin.com/wp-content/themes/phlox-pro/css/images/svg/spinner-default.svg]
[dinerofin.com/wp-content/themes/phlox-pro/css/images/svg/spinner-light.svg]
[dinerofin.com/wp-content/themes/phlox-pro/css/images/svg/spinner-dark.svg]
[dinerofin.com/wp-content/themes/phlox-pro/css/images/photoswipe/default-skin.svg]
[dinerofin.com/wp-content/themes/phlox-pro/css/images/controls/arrows/small-arrow-down.svg]
[dinerofin.com/wp-content/themes/phlox-pro/css/images/svg/checkbox.svg]
[dinerofin.com/wp-content/themes/phlox-pro/css/other/mejs/dark-video-play.svg]
[dinerofin.com/wp-content/themes/phlox-pro/css/other/mejs/dark-player.controls.svg]
[dinerofin.com/wp-content/themes/phlox-pro/css/other/mejs/light-video-play.svg]
[dinerofin.com/wp-content/themes/phlox-pro/css/other/mejs/light-player.controls.svg]
[dinerofin.com/wp-content/themes/phlox-pro/css/images/svg/play.svg]
[dinerofin.com/wp-content/themes/phlox-pro/css/images/svg/pause.svg]
[dinerofin.com/wp-content/themes/phlox-pro/css/images/controls/arrows/small-arrow-down-white.svg]
[dinerofin.com/wp-content/themes/phlox-pro/css/images/svg/leftarrow.svg]
[dinerofin.com/wp-content/themes/phlox-pro/css/images/svg/rightarrow.svg]
[dinerofin.com/wp-content/themes/phlox-pro/css/images/svg/404.svg]
[dinerofin.com/wp-content/themes/phlox-pro/css/images/svg/reply.svg]
[dinerofin.com/wp-content/plugins/elementor/assets/lib/eicons/fonts/eiconsd6bb.svg]
[dinerofin.com/wp-includes/js/mediaelement/mejs-controls.svg]
[dinerofin.com/wp-content/plugins/masterslider/public/assets/css/skins/minimal.svg]
[dinerofin.com/wp-content/plugins/elementor/assets/lib/font-awesome/webfonts/fa-brands-400.svg]
[dinerofin.com/OPR/index.html]
[dinerofin.com/wp-content/plugins/elementor/assets/lib/font-awesome/webfonts/fa-solid-900.svg]
[dinerofin.com/wp-content/uploads/elementor/css/post-26329cc8.css]
[dinerofin.com/index4592.html]
[dinerofin.com/wp-content/uploads/elementor/css/post-25175ce0.css]
[dinerofin.com/index2dff.html]
[dinerofin.com/wp-content/uploads/elementor/css/post-26601bfd.css]
[dinerofin.com/wp-content/uploads/elementor/css/post-26981bfd.css]
[dinerofin.com/wp-content/uploads/elementor/css/post-26571bfd.css]
[dinerofin.com/wp-content/uploads/elementor/css/post-2669fc46.css]
[dinerofin.com/wp-content/plugins/bdthemes-element-pack/assets/css/ep-tabse6df.css]
[dinerofin.com/wp-content/plugins/bdthemes-element-pack/assets/js/modules/ep-tabs.mine6df.js]
[dinerofin.com/wp-content/uploads/elementor/css/post-26102d60.css]
[dinerofin.com/indexe563.html]
[dinerofin.com/wp-content/uploads/elementor/css/post-2577ef09.css]
[dinerofin.com/indexbf4b.html]
[dinerofin.com/wp-content/uploads/elementor/css/post-27759f50.css]
[dinerofin.com/index1dad.html]
[dinerofin.com/wp-content/plugins/elementor/assets/css/widget-icon-box.min.css]
[dinerofin.com/wp-content/plugins/bdthemes-element-pack/assets/css/ep-contact-forme6df.css]
[dinerofin.com/wp-content/plugins/bdthemes-element-pack/assets/js/modules/ep-contact-form.mine6df.js]
[dinerofin.com/wp-content/uploads/elementor/css/post-278549ca.css]
[dinerofin.com/index21a3.html]
[dinerofin.com/wp-content/uploads/elementor/css/post-28044b49.css]
[dinerofin.com/index207c.html]
[dinerofin.com/wp-content/uploads/elementor/css/post-2855ec14.css]
[dinerofin.com/wp-content/plugins/elementor/assets/lib/font-awesome/webfonts/fa-regular-400.eot]
[dinerofin.com/wp-content/plugins/elementor/assets/lib/font-awesome/webfonts/fa-regular-400d41d.eot]
[dinerofin.com/wp-content/plugins/elementor/assets/lib/font-awesome/webfonts/fa-regular-400.woff2]
[dinerofin.com/wp-content/plugins/elementor/assets/lib/font-awesome/webfonts/fa-regular-400.woff]
[dinerofin.com/wp-content/plugins/elementor/assets/lib/font-awesome/webfonts/fa-regular-400.ttf]
[dinerofin.com/wp-content/plugins/elementor/assets/lib/font-awesome/css/regular.min52d5.css]
[dinerofin.com/index7a2c.html]
[dinerofin.com/m/asset/css/toast.css]
[dinerofin.com/wp-content/plugins/elementor/assets/lib/font-awesome/webfonts/fa-regular-400.svg]
[dinerofin.com/m/asset/fonts/fontawesome/webfonts/fa-brands-400.eot]
[dinerofin.com/m/asset/fonts/fontawesome/webfonts/fa-brands-400d41d.eot]
[dinerofin.com/m/asset/fonts/fontawesome/webfonts/fa-brands-400.woff2]
[dinerofin.com/m/asset/fonts/fontawesome/webfonts/fa-brands-400.woff]
[dinerofin.com/m/asset/fonts/fontawesome/webfonts/fa-brands-400.ttf]
[dinerofin.com/m/asset/fonts/fontawesome/webfonts/fa-brands-400.svg]
[dinerofin.com/m/asset/fonts/fontawesome/webfonts/fa-duotone-900.eot]
[dinerofin.com/m/asset/fonts/fontawesome/webfonts/fa-duotone-900.woff2]
[dinerofin.com/m/asset/fonts/fontawesome/webfonts/fa-duotone-900.woff]
[dinerofin.com/m/asset/fonts/fontawesome/webfonts/fa-duotone-900.ttf]
[dinerofin.com/m/asset/fonts/fontawesome/webfonts/fa-duotone-900d41d.eot]
[dinerofin.com/m/asset/fonts/fontawesome/webfonts/fa-light-300d41d.eot]
[dinerofin.com/m/asset/fonts/fontawesome/webfonts/fa-light-300.eot]
[dinerofin.com/m/asset/fonts/fontawesome/webfonts/fa-light-300.woff2]
[dinerofin.com/m/asset/fonts/fontawesome/webfonts/fa-light-300.woff]
[dinerofin.com/m/asset/fonts/fontawesome/webfonts/fa-light-300.ttf]
[dinerofin.com/m/asset/fonts/fontawesome/webfonts/fa-duotone-900.svg]
[dinerofin.com/m/asset/fonts/fontawesome/webfonts/fa-regular-400.eot]
[dinerofin.com/m/asset/fonts/fontawesome/webfonts/fa-light-300.svg]
[dinerofin.com/m/asset/fonts/fontawesome/webfonts/fa-regular-400d41d.eot]
[dinerofin.com/m/asset/fonts/fontawesome/webfonts/fa-regular-400.woff2]
[dinerofin.com/m/asset/fonts/fontawesome/webfonts/fa-regular-400.woff]
[dinerofin.com/m/asset/fonts/fontawesome/webfonts/fa-regular-400.ttf]
[dinerofin.com/m/asset/fonts/fontawesome/webfonts/fa-solid-900.eot]
[dinerofin.com/m/asset/fonts/fontawesome/webfonts/fa-regular-400.svg]
[dinerofin.com/m/asset/fonts/fontawesome/webfonts/fa-solid-900.woff2]
[dinerofin.com/m/asset/fonts/fontawesome/webfonts/fa-solid-900.woff]
[dinerofin.com/m/asset/fonts/fontawesome/webfonts/fa-solid-900.ttf]
[dinerofin.com/m/asset/fonts/fontawesome/webfonts/fa-solid-900d41d.eot]
[dinerofin.com/m/asset/fonts/fontawesome/css/all.css]
[dinerofin.com/m/asset/dashboard/newUI/icons/font-awesome/css/font-awesome.min.css]
[dinerofin.com/m/asset/fonts/fontawesome/webfonts/fa-solid-900.svg]
[dinerofin.com/m/asset/dashboard/newUI/icons/simple-line-icons/css/simple-line-icons.css]
[dinerofin.com/m/asset/dashboard/newUI/icons/weather-icons/css/weather-icons.min.css]
[dinerofin.com/m/asset/dashboard/newUI/icons/cryptocoins/css/cryptocoins.css]
[dinerofin.com/m/asset/dashboard/newUI/icons/cryptocoins/css/cryptocoins-colors.css]
[dinerofin.com/m/asset/dashboard/newUI/icons/linea-icons/linea.css]
[dinerofin.com/m/asset/dashboard/newUI/icons/ionicons/css/ionicons.css]
[dinerofin.com/m/asset/dashboard/newUI/icons/themify-icons/themify-icons.css]
[dinerofin.com/m/asset/dashboard/newUI/icons/flag-icon-css/flag-icon.min.css]
[dinerofin.com/m/asset/dashboard/newUI/icons/material-design-iconic-font/materialdesignicons.min.css]
[dinerofin.com/m/asset/dashboard/newUI/icons/pe-icon-set-weather/css/pe-icon-set-weather.min.css]
[dinerofin.com/m/asset/dashboard/newUI/plugins/animate/animate.min.css]
[dinerofin.com/m/asset/dashboard/newUI/plugins/metismenu/css/metisMenu.min.css]
[dinerofin.com/m/asset/dashboard/newUI/plugins/bootstrap-select/dist/css/bootstrap-select.min.css]
[dinerofin.com/m/asset/dashboard/assets/images/big/img6.jpg]
[dinerofin.com/m/asset/dashboard/assets/images/big/comming-soon-bg.png]
[dinerofin.com/m/asset/dashboard/assets/images/background/password-bg.jpg]
[michaeltruong.ca/images/logo1.png]
[michaeltruong.ca/images/client.jpg]
[dinerofin.com/m/asset/dashboard/assets/images/background/register-bg.jpg]
[dinerofin.com/m/asset/dashboard/assets/images/background/login-register2.jpg]
[dinerofin.com/m/asset/dashboard/assets/images/background/login-bg.jpg]
[dinerofin.com/m/asset/dashboard/assets/images/background/user-lock-bg.jpg]
[binarycent.com/assets/img/cascade/cc_back.png]
[binarycent.com/assets/img/cascade/cc_front_bg.png]
[dinerofin.com/m/asset/dashboard/newUI/css/style.css]
[dinerofin.com/https_.html]
[dinerofin.com/m/asset/dashboard/newUI/plugins/common/common.min.js]
[dinerofin.com/m/asset/dashboard/newUI/js/custom.min.js]
[dinerofin.com/m/asset/dashboard/newUI/js/settings.js]
[dinerofin.com/m/asset/dashboard/newUI/js/gleek.js]
[dinerofin.com/m/asset/dashboard/newUI/js/styleSwitcher.js]
[dinerofin.com/m/asset/js/toast.js]
[dinerofin.com/wp-content/plugins/bdthemes-element-pack/assets/css/ep-animated-headinge6df.css]
[dinerofin.com/wp-content/uploads/elementor/css/post-46006902.css]
[dinerofin.com/wp-content/plugins/bdthemes-element-pack/assets/fonts/element-pack1568.svg]
[dinerofin.com/+window.html]
[dinerofin.com/+window-2.html]
[dinerofin.com/GET.html]
[dinerofin.com/t.html]
[dinerofin.com/-negative.html]
[dinerofin.com/OPR/index.html]
[dinerofin.com/wp-content/plugins/elementor/assets/lib/font-awesome/webfonts/fa-regular-400.svg]
[dinerofin.com/m/asset/fonts/fontawesome/webfonts/fa-brands-400.svg]
[dinerofin.com/m/asset/fonts/fontawesome/webfonts/fa-duotone-900.svg]
[dinerofin.com/m/asset/fonts/fontawesome/webfonts/fa-light-300.svg]
[dinerofin.com/m/asset/fonts/fontawesome/webfonts/fa-regular-400.svg]
[dinerofin.com/m/asset/fonts/fontawesome/webfonts/fa-solid-900.svg]
[dinerofin.com/m/asset/dashboard/newUI/icons/font-awesome/fonts/fontawesome-webfont3e6e3e6e.eot]
[dinerofin.com/m/asset/dashboard/newUI/icons/font-awesome/fonts/fontawesome-webfont3e6e3e6e.woff2]
[dinerofin.com/m/asset/dashboard/newUI/icons/font-awesome/fonts/fontawesome-webfontd41dd41d.eot]
[dinerofin.com/m/asset/dashboard/newUI/icons/font-awesome/fonts/fontawesome-webfont3e6e3e6e.woff]
[dinerofin.com/m/asset/dashboard/newUI/icons/font-awesome/css/font-awesome.min.css]
[dinerofin.com/m/asset/dashboard/newUI/icons/font-awesome/fonts/fontawesome-webfont3e6e3e6e.ttf]
[dinerofin.com/m/asset/dashboard/newUI/icons/font-awesome/fonts/fontawesome-webfont3e6e3e6e.svg]
[dinerofin.com/m/asset/dashboard/newUI/icons/simple-line-icons/fonts/Simple-Line-Icons4c824c82.eot]
[dinerofin.com/m/asset/dashboard/newUI/icons/simple-line-icons/fonts/Simple-Line-Iconsd41dd41d.eot]
[dinerofin.com/m/asset/dashboard/newUI/icons/simple-line-icons/fonts/Simple-Line-Icons4c824c82.ttf]
[dinerofin.com/m/asset/dashboard/newUI/icons/simple-line-icons/fonts/Simple-Line-Icons4c824c82.woff2]
[dinerofin.com/m/asset/dashboard/newUI/icons/simple-line-icons/fonts/Simple-Line-Icons4c824c82.woff]
[dinerofin.com/m/asset/dashboard/newUI/icons/simple-line-icons/css/simple-line-icons.css]
[dinerofin.com/m/asset/dashboard/newUI/icons/simple-line-icons/fonts/Simple-Line-Icons4c824c82.svg]
[dinerofin.com/m/asset/dashboard/newUI/icons/weather-icons/fonts/weathericons-regular-webfont.eot]
[dinerofin.com/m/asset/dashboard/newUI/icons/weather-icons/css/weather-icons.min.css]
[dinerofin.com/m/asset/dashboard/newUI/icons/weather-icons/fonts/weathericons-regular-webfontd41d.eot]
[dinerofin.com/m/asset/dashboard/newUI/icons/cryptocoins/fonts/cryptocoins.woff2]
[dinerofin.com/m/asset/dashboard/newUI/icons/cryptocoins/fonts/cryptocoins.woff]
[dinerofin.com/m/asset/dashboard/newUI/icons/cryptocoins/css/cryptocoins.css]
[dinerofin.com/m/asset/dashboard/newUI/icons/cryptocoins/css/cryptocoins-colors.css]
[dinerofin.com/m/asset/dashboard/newUI/icons/cryptocoins/fonts/cryptocoins.ttf]
[dinerofin.com/m/asset/dashboard/newUI/icons/linea-icons/fonts/linea-arrows-10.eot]
[dinerofin.com/m/asset/dashboard/newUI/icons/linea-icons/fonts/linea-arrows-10d41dd41d.eot]
[dinerofin.com/m/asset/dashboard/newUI/icons/linea-icons/fonts/linea-arrows-10.woff]
[dinerofin.com/m/asset/dashboard/newUI/icons/linea-icons/fonts/linea-arrows-10.ttf]
[dinerofin.com/m/asset/dashboard/newUI/icons/linea-icons/fonts/linea-arrows-10.svg]
[dinerofin.com/m/asset/dashboard/newUI/icons/linea-icons/fonts/linea-basic-10.eot]
[dinerofin.com/m/asset/dashboard/newUI/icons/linea-icons/fonts/linea-basic-10d41dd41d.eot]
[dinerofin.com/m/asset/dashboard/newUI/icons/linea-icons/fonts/linea-basic-10.woff]
[dinerofin.com/m/asset/dashboard/newUI/icons/linea-icons/fonts/linea-basic-10.ttf]
[dinerofin.com/m/asset/dashboard/newUI/icons/linea-icons/fonts/linea-basic-10.svg]
[dinerofin.com/m/asset/dashboard/newUI/icons/linea-icons/fonts/linea-basic-elaboration-10.eot]
[dinerofin.com/m/asset/dashboard/newUI/icons/linea-icons/fonts/linea-basic-elaboration-10d41dd41d.eot]
[dinerofin.com/m/asset/dashboard/newUI/icons/linea-icons/fonts/linea-basic-elaboration-10.woff]
[dinerofin.com/m/asset/dashboard/newUI/icons/linea-icons/fonts/linea-basic-elaboration-10.ttf]
[dinerofin.com/m/asset/dashboard/newUI/icons/linea-icons/fonts/linea-basic-elaboration-10.svg]
[dinerofin.com/m/asset/dashboard/newUI/icons/linea-icons/fonts/linea-ecommerce-10.eot]
[dinerofin.com/m/asset/dashboard/newUI/icons/linea-icons/fonts/linea-ecommerce-10d41dd41d.eot]
[dinerofin.com/m/asset/dashboard/newUI/icons/linea-icons/fonts/linea-ecommerce-10.woff]
[dinerofin.com/m/asset/dashboard/newUI/icons/linea-icons/fonts/linea-ecommerce-10.ttf]
[dinerofin.com/m/asset/dashboard/newUI/icons/linea-icons/fonts/linea-ecommerce-10.svg]
[dinerofin.com/m/asset/dashboard/newUI/icons/linea-icons/fonts/linea-music-10.eot]
[dinerofin.com/m/asset/dashboard/newUI/icons/linea-icons/fonts/linea-music-10d41dd41d.eot]
[dinerofin.com/m/asset/dashboard/newUI/icons/linea-icons/fonts/linea-music-10.woff]
[dinerofin.com/m/asset/dashboard/newUI/icons/linea-icons/fonts/linea-music-10.ttf]
[dinerofin.com/m/asset/dashboard/newUI/icons/linea-icons/fonts/linea-music-10.svg]
[dinerofin.com/m/asset/dashboard/newUI/icons/linea-icons/fonts/linea-software-10.eot]
[dinerofin.com/m/asset/dashboard/newUI/icons/linea-icons/fonts/linea-software-10d41dd41d.eot]
[dinerofin.com/m/asset/dashboard/newUI/icons/linea-icons/fonts/linea-software-10.woff]
[dinerofin.com/m/asset/dashboard/newUI/icons/linea-icons/fonts/linea-software-10.ttf]
[dinerofin.com/m/asset/dashboard/newUI/icons/linea-icons/fonts/linea-software-10.svg]
[dinerofin.com/m/asset/dashboard/newUI/icons/linea-icons/fonts/linea-weather-10.eot]
[dinerofin.com/m/asset/dashboard/newUI/icons/linea-icons/fonts/linea-weather-10d41dd41d.eot]
[dinerofin.com/m/asset/dashboard/newUI/icons/linea-icons/fonts/linea-weather-10.woff]
[dinerofin.com/m/asset/dashboard/newUI/icons/linea-icons/fonts/linea-weather-10.ttf]
[dinerofin.com/m/asset/dashboard/newUI/icons/linea-icons/linea.css]
[dinerofin.com/m/asset/dashboard/newUI/icons/linea-icons/fonts/linea-weather-10.svg]
[dinerofin.com/m/asset/dashboard/newUI/icons/ionicons/fonts/ionicons28b5.eot]
[dinerofin.com/m/asset/dashboard/newUI/icons/ionicons/fonts/ionicons28b5.ttf]
[dinerofin.com/m/asset/dashboard/newUI/icons/ionicons/fonts/ionicons28b5.woff]
[dinerofin.com/m/asset/dashboard/newUI/icons/ionicons/css/ionicons.css]
[dinerofin.com/m/asset/dashboard/newUI/icons/themify-icons/fonts/themify9f249f24.eot]
[dinerofin.com/m/asset/dashboard/newUI/icons/themify-icons/fonts/themifyd41dd41d.eot]
[dinerofin.com/m/asset/dashboard/newUI/icons/ionicons/fonts/ionicons28b5.svg]
[dinerofin.com/m/asset/dashboard/newUI/icons/themify-icons/fonts/themify.woff]
[dinerofin.com/m/asset/dashboard/newUI/icons/themify-icons/fonts/themify.ttf]
[dinerofin.com/m/asset/dashboard/newUI/icons/themify-icons/themify-icons.css]
[dinerofin.com/m/asset/dashboard/newUI/icons/themify-icons/fonts/themify9f249f24.svg]
[dinerofin.com/m/asset/dashboard/newUI/icons/flag-icon-css/flags/ad.svg]
[dinerofin.com/m/asset/dashboard/newUI/icons/flag-icon-css/flags/ae.svg]
[dinerofin.com/m/asset/dashboard/newUI/icons/flag-icon-css/flags/af.svg]
[dinerofin.com/m/asset/dashboard/newUI/icons/flag-icon-css/flags/ag.svg]
[dinerofin.com/m/asset/dashboard/newUI/icons/flag-icon-css/flags/ai.svg]
[dinerofin.com/m/asset/dashboard/newUI/icons/flag-icon-css/flags/al.svg]
[dinerofin.com/m/asset/dashboard/newUI/icons/flag-icon-css/flags/ao.svg]
[dinerofin.com/m/asset/dashboard/newUI/icons/flag-icon-css/flags/aq.svg]
[dinerofin.com/m/asset/dashboard/newUI/icons/flag-icon-css/flags/ar.svg]
[dinerofin.com/m/asset/dashboard/newUI/icons/flag-icon-css/flags/as.svg]
[dinerofin.com/m/asset/dashboard/newUI/icons/flag-icon-css/flags/au.svg]
[dinerofin.com/m/asset/dashboard/newUI/icons/flag-icon-css/flags/aw.svg]
[dinerofin.com/m/asset/dashboard/newUI/icons/flag-icon-css/flags/ax.svg]
[dinerofin.com/m/asset/dashboard/newUI/icons/flag-icon-css/flags/az.svg]
[dinerofin.com/m/asset/dashboard/newUI/icons/flag-icon-css/flags/ba.svg]
[dinerofin.com/m/asset/dashboard/newUI/icons/flag-icon-css/flags/bb.svg]
[dinerofin.com/m/asset/dashboard/newUI/icons/flag-icon-css/flags/bf.svg]
[dinerofin.com/m/asset/dashboard/newUI/icons/flag-icon-css/flags/bh.svg]
[dinerofin.com/m/asset/dashboard/newUI/icons/flag-icon-css/flags/bi.svg]
[dinerofin.com/m/asset/dashboard/newUI/icons/flag-icon-css/flags/bj.svg]
[dinerofin.com/m/asset/dashboard/newUI/icons/flag-icon-css/flags/bl.svg]
[dinerofin.com/m/asset/dashboard/newUI/icons/flag-icon-css/flags/bm.svg]
[dinerofin.com/m/asset/dashboard/newUI/icons/flag-icon-css/flags/bn.svg]
[dinerofin.com/m/asset/dashboard/newUI/icons/flag-icon-css/flags/br.svg]
[dinerofin.com/m/asset/dashboard/newUI/icons/flag-icon-css/flags/bs.svg]
[dinerofin.com/m/asset/dashboard/newUI/icons/flag-icon-css/flags/bt.svg]
[dinerofin.com/m/asset/dashboard/newUI/icons/flag-icon-css/flags/bv.svg]
[dinerofin.com/m/asset/dashboard/newUI/icons/flag-icon-css/flags/bw.svg]
[dinerofin.com/m/asset/dashboard/newUI/icons/flag-icon-css/flags/by.svg]
[dinerofin.com/m/asset/dashboard/newUI/icons/flag-icon-css/flags/bz.svg]
[dinerofin.com/m/asset/dashboard/newUI/icons/flag-icon-css/flags/ca.svg]
[dinerofin.com/m/asset/dashboard/newUI/icons/flag-icon-css/flags/cc.svg]
[dinerofin.com/m/asset/dashboard/newUI/icons/flag-icon-css/flags/cd.svg]
[dinerofin.com/m/asset/dashboard/newUI/icons/flag-icon-css/flags/cf.svg]
[dinerofin.com/m/asset/dashboard/newUI/icons/flag-icon-css/flags/cg.svg]
[dinerofin.com/m/asset/dashboard/newUI/icons/flag-icon-css/flags/ch.svg]
[dinerofin.com/m/asset/dashboard/newUI/icons/flag-icon-css/flags/ci.svg]
[dinerofin.com/m/asset/dashboard/newUI/icons/flag-icon-css/flags/ck.svg]
[dinerofin.com/m/asset/dashboard/newUI/icons/flag-icon-css/flags/cl.svg]
[dinerofin.com/m/asset/dashboard/newUI/icons/flag-icon-css/flags/cm.svg]
[dinerofin.com/m/asset/dashboard/newUI/icons/flag-icon-css/flags/cn.svg]
[dinerofin.com/m/asset/dashboard/newUI/icons/flag-icon-css/flags/cu.svg]
[dinerofin.com/m/asset/dashboard/newUI/icons/flag-icon-css/flags/cv.svg]
[dinerofin.com/m/asset/dashboard/newUI/icons/flag-icon-css/flags/cw.svg]
[dinerofin.com/m/asset/dashboard/newUI/icons/flag-icon-css/flags/cx.svg]
[dinerofin.com/m/asset/dashboard/newUI/icons/flag-icon-css/flags/cy.svg]
[dinerofin.com/m/asset/dashboard/newUI/icons/flag-icon-css/flags/cz.svg]
[dinerofin.com/m/asset/dashboard/newUI/icons/flag-icon-css/flags/dj.svg]
[dinerofin.com/m/asset/dashboard/newUI/icons/flag-icon-css/flags/dm.svg]
[dinerofin.com/m/asset/dashboard/newUI/icons/flag-icon-css/flags/do.svg]
[dinerofin.com/m/asset/dashboard/newUI/icons/flag-icon-css/flags/ec.svg]
[dinerofin.com/m/asset/dashboard/newUI/icons/flag-icon-css/flags/ee.svg]
[dinerofin.com/m/asset/dashboard/newUI/icons/flag-icon-css/flags/eg.svg]
[dinerofin.com/m/asset/dashboard/newUI/icons/flag-icon-css/flags/eh.svg]
[dinerofin.com/m/asset/dashboard/newUI/icons/flag-icon-css/flags/er.svg]
[dinerofin.com/m/asset/dashboard/newUI/icons/flag-icon-css/flags/es.svg]
[dinerofin.com/m/asset/dashboard/newUI/icons/flag-icon-css/flags/et.svg]
[dinerofin.com/m/asset/dashboard/newUI/icons/flag-icon-css/flags/fi.svg]
[dinerofin.com/m/asset/dashboard/newUI/icons/flag-icon-css/flags/fj.svg]
[dinerofin.com/m/asset/dashboard/newUI/icons/flag-icon-css/flags/fk.svg]
[dinerofin.com/m/asset/dashboard/newUI/icons/flag-icon-css/flags/fm.svg]
[dinerofin.com/m/asset/dashboard/newUI/icons/flag-icon-css/flags/fo.svg]
[dinerofin.com/m/asset/dashboard/newUI/icons/flag-icon-css/flags/gb.svg]
[dinerofin.com/m/asset/dashboard/newUI/icons/flag-icon-css/flags/gd.svg]
[dinerofin.com/m/asset/dashboard/newUI/icons/flag-icon-css/flags/ge.svg]
[dinerofin.com/m/asset/dashboard/newUI/icons/flag-icon-css/flags/gg.svg]
[dinerofin.com/m/asset/dashboard/newUI/icons/flag-icon-css/flags/gi.svg]
[dinerofin.com/m/asset/dashboard/newUI/icons/flag-icon-css/flags/gl.svg]
[dinerofin.com/m/asset/dashboard/newUI/icons/flag-icon-css/flags/gm.svg]
[dinerofin.com/m/asset/dashboard/newUI/icons/flag-icon-css/flags/gq.svg]
[dinerofin.com/m/asset/dashboard/newUI/icons/flag-icon-css/flags/gr.svg]
[dinerofin.com/m/asset/dashboard/newUI/icons/flag-icon-css/flags/gs.svg]
[dinerofin.com/m/asset/dashboard/newUI/icons/flag-icon-css/flags/gt.svg]
[dinerofin.com/m/asset/dashboard/newUI/icons/flag-icon-css/flags/gu.svg]
[dinerofin.com/m/asset/dashboard/newUI/icons/flag-icon-css/flags/gw.svg]
[dinerofin.com/m/asset/dashboard/newUI/icons/flag-icon-css/flags/gy.svg]
[dinerofin.com/m/asset/dashboard/newUI/icons/flag-icon-css/flags/hk.svg]
[dinerofin.com/m/asset/dashboard/newUI/icons/flag-icon-css/flags/hm.svg]
[dinerofin.com/m/asset/dashboard/newUI/icons/flag-icon-css/flags/hn.svg]
[dinerofin.com/m/asset/dashboard/newUI/icons/flag-icon-css/flags/hr.svg]
[dinerofin.com/m/asset/dashboard/newUI/icons/flag-icon-css/flags/ht.svg]
[dinerofin.com/m/asset/dashboard/newUI/icons/flag-icon-css/flags/hu.svg]
[dinerofin.com/m/asset/dashboard/newUI/icons/flag-icon-css/flags/ie.svg]
[dinerofin.com/m/asset/dashboard/newUI/icons/flag-icon-css/flags/il.svg]
[dinerofin.com/m/asset/dashboard/newUI/icons/flag-icon-css/flags/im.svg]
[dinerofin.com/m/asset/dashboard/newUI/icons/flag-icon-css/flags/in.svg]
[dinerofin.com/m/asset/dashboard/newUI/icons/flag-icon-css/flags/io.svg]
[dinerofin.com/m/asset/dashboard/newUI/icons/flag-icon-css/flags/iq.svg]
[dinerofin.com/m/asset/dashboard/newUI/icons/flag-icon-css/flags/ir.svg]
[dinerofin.com/m/asset/dashboard/newUI/icons/flag-icon-css/flags/is.svg]
[dinerofin.com/m/asset/dashboard/newUI/icons/flag-icon-css/flags/it.svg]
[dinerofin.com/m/asset/dashboard/newUI/icons/flag-icon-css/flags/je.svg]
[dinerofin.com/m/asset/dashboard/newUI/icons/flag-icon-css/flags/jm.svg]
[dinerofin.com/m/asset/dashboard/newUI/icons/flag-icon-css/flags/jo.svg]
[dinerofin.com/m/asset/dashboard/newUI/icons/flag-icon-css/flags/jp.svg]
[dinerofin.com/m/asset/dashboard/newUI/icons/flag-icon-css/flags/ke.svg]
[dinerofin.com/m/asset/dashboard/newUI/icons/flag-icon-css/flags/kg.svg]
[dinerofin.com/m/asset/dashboard/newUI/icons/flag-icon-css/flags/kh.svg]
[dinerofin.com/m/asset/dashboard/newUI/icons/flag-icon-css/flags/ki.svg]
[dinerofin.com/m/asset/dashboard/newUI/icons/flag-icon-css/flags/km.svg]
[dinerofin.com/m/asset/dashboard/newUI/icons/flag-icon-css/flags/kn.svg]
[dinerofin.com/m/asset/dashboard/newUI/icons/flag-icon-css/flags/kp.svg]
[dinerofin.com/m/asset/dashboard/newUI/icons/flag-icon-css/flags/kr.svg]
[dinerofin.com/m/asset/dashboard/newUI/icons/flag-icon-css/flags/kw.svg]
[dinerofin.com/m/asset/dashboard/newUI/icons/flag-icon-css/flags/ky.svg]
[dinerofin.com/m/asset/dashboard/newUI/icons/flag-icon-css/flags/kz.svg]
[dinerofin.com/m/asset/dashboard/newUI/icons/flag-icon-css/flags/la.svg]
[dinerofin.com/m/asset/dashboard/newUI/icons/flag-icon-css/flags/lb.svg]
[dinerofin.com/m/asset/dashboard/newUI/icons/flag-icon-css/flags/lc.svg]
[dinerofin.com/m/asset/dashboard/newUI/icons/flag-icon-css/flags/li.svg]
[dinerofin.com/m/asset/dashboard/newUI/icons/flag-icon-css/flags/lk.svg]
[dinerofin.com/m/asset/dashboard/newUI/icons/flag-icon-css/flags/lr.svg]
[dinerofin.com/m/asset/dashboard/newUI/icons/flag-icon-css/flags/ls.svg]
[dinerofin.com/m/asset/dashboard/newUI/icons/flag-icon-css/flags/lt.svg]
[dinerofin.com/m/asset/dashboard/newUI/icons/flag-icon-css/flags/lu.svg]
[dinerofin.com/m/asset/dashboard/newUI/icons/flag-icon-css/flags/ly.svg]
[dinerofin.com/m/asset/dashboard/newUI/icons/flag-icon-css/flags/md.svg]
[dinerofin.com/m/asset/dashboard/newUI/icons/flag-icon-css/flags/me.svg]
[dinerofin.com/m/asset/dashboard/newUI/icons/flag-icon-css/flags/mg.svg]
[dinerofin.com/m/asset/dashboard/newUI/icons/flag-icon-css/flags/mh.svg]
[dinerofin.com/m/asset/dashboard/newUI/icons/flag-icon-css/flags/mk.svg]
[dinerofin.com/m/asset/dashboard/newUI/icons/flag-icon-css/flags/ml.svg]
[dinerofin.com/m/asset/dashboard/newUI/icons/flag-icon-css/flags/mm.svg]
[dinerofin.com/m/asset/dashboard/newUI/icons/flag-icon-css/flags/mn.svg]
[dinerofin.com/m/asset/dashboard/newUI/icons/flag-icon-css/flags/mo.svg]
[dinerofin.com/m/asset/dashboard/newUI/icons/flag-icon-css/flags/mp.svg]
[dinerofin.com/m/asset/dashboard/newUI/icons/flag-icon-css/flags/mr.svg]
[dinerofin.com/m/asset/dashboard/newUI/icons/flag-icon-css/flags/ms.svg]
[dinerofin.com/m/asset/dashboard/newUI/icons/flag-icon-css/flags/mt.svg]
[dinerofin.com/m/asset/dashboard/newUI/icons/flag-icon-css/flags/mu.svg]
[dinerofin.com/m/asset/dashboard/newUI/icons/flag-icon-css/flags/mv.svg]
[dinerofin.com/m/asset/dashboard/newUI/icons/flag-icon-css/flags/mw.svg]
[dinerofin.com/m/asset/dashboard/newUI/icons/flag-icon-css/flags/mx.svg]
[dinerofin.com/m/asset/dashboard/newUI/icons/flag-icon-css/flags/my.svg]
[dinerofin.com/m/asset/dashboard/newUI/icons/flag-icon-css/flags/mz.svg]
[dinerofin.com/m/asset/dashboard/newUI/icons/flag-icon-css/flags/na.svg]
[dinerofin.com/m/asset/dashboard/newUI/icons/flag-icon-css/flags/nc.svg]
[dinerofin.com/m/asset/dashboard/newUI/icons/flag-icon-css/flags/nf.svg]
[dinerofin.com/m/asset/dashboard/newUI/icons/flag-icon-css/flags/ni.svg]
[dinerofin.com/m/asset/dashboard/newUI/icons/flag-icon-css/flags/nl.svg]
[dinerofin.com/m/asset/dashboard/newUI/icons/flag-icon-css/flags/no.svg]
[dinerofin.com/m/asset/dashboard/newUI/icons/flag-icon-css/flags/np.svg]
[dinerofin.com/m/asset/dashboard/newUI/icons/flag-icon-css/flags/nr.svg]
[dinerofin.com/m/asset/dashboard/newUI/icons/flag-icon-css/flags/nu.svg]
[dinerofin.com/m/asset/dashboard/newUI/icons/flag-icon-css/flags/nz.svg]
[dinerofin.com/m/asset/dashboard/newUI/icons/flag-icon-css/flags/om.svg]
[dinerofin.com/m/asset/dashboard/newUI/icons/flag-icon-css/flags/pa.svg]
[dinerofin.com/m/asset/dashboard/newUI/icons/flag-icon-css/flags/pf.svg]
[dinerofin.com/m/asset/dashboard/newUI/icons/flag-icon-css/flags/pg.svg]
[dinerofin.com/m/asset/dashboard/newUI/icons/flag-icon-css/flags/ph.svg]
[dinerofin.com/m/asset/dashboard/newUI/icons/flag-icon-css/flags/pk.svg]
[dinerofin.com/m/asset/dashboard/newUI/icons/flag-icon-css/flags/pm.svg]
[dinerofin.com/m/asset/dashboard/newUI/icons/flag-icon-css/flags/pn.svg]
[dinerofin.com/m/asset/dashboard/newUI/icons/flag-icon-css/flags/pr.svg]
[dinerofin.com/m/asset/dashboard/newUI/icons/flag-icon-css/flags/ps.svg]
[dinerofin.com/m/asset/dashboard/newUI/icons/flag-icon-css/flags/pt.svg]
[dinerofin.com/m/asset/dashboard/newUI/icons/flag-icon-css/flags/pw.svg]
[dinerofin.com/m/asset/dashboard/newUI/icons/flag-icon-css/flags/py.svg]
[dinerofin.com/m/asset/dashboard/newUI/icons/flag-icon-css/flags/qa.svg]
[dinerofin.com/m/asset/dashboard/newUI/icons/flag-icon-css/flags/re.svg]
[dinerofin.com/m/asset/dashboard/newUI/icons/flag-icon-css/flags/rw.svg]
[dinerofin.com/m/asset/dashboard/newUI/icons/flag-icon-css/flags/sa.svg]
[dinerofin.com/m/asset/dashboard/newUI/icons/flag-icon-css/flags/sb.svg]
[dinerofin.com/m/asset/dashboard/newUI/icons/flag-icon-css/flags/rs.svg]
[dinerofin.com/m/asset/dashboard/newUI/icons/flag-icon-css/flags/sc.svg]
[dinerofin.com/m/asset/dashboard/newUI/icons/flag-icon-css/flags/sd.svg]
[dinerofin.com/m/asset/dashboard/newUI/icons/flag-icon-css/flags/se.svg]
[dinerofin.com/m/asset/dashboard/newUI/icons/flag-icon-css/flags/sg.svg]
[dinerofin.com/m/asset/dashboard/newUI/icons/flag-icon-css/flags/sh.svg]
[dinerofin.com/m/asset/dashboard/newUI/icons/flag-icon-css/flags/si.svg]
[dinerofin.com/m/asset/dashboard/newUI/icons/flag-icon-css/flags/sj.svg]
[dinerofin.com/m/asset/dashboard/newUI/icons/flag-icon-css/flags/sk.svg]
[dinerofin.com/m/asset/dashboard/newUI/icons/flag-icon-css/flags/sl.svg]
[dinerofin.com/m/asset/dashboard/newUI/icons/flag-icon-css/flags/sm.svg]
[dinerofin.com/m/asset/dashboard/newUI/icons/flag-icon-css/flags/sn.svg]
[dinerofin.com/m/asset/dashboard/newUI/icons/flag-icon-css/flags/so.svg]
[dinerofin.com/m/asset/dashboard/newUI/icons/flag-icon-css/flags/sr.svg]
[dinerofin.com/m/asset/dashboard/newUI/icons/flag-icon-css/flags/ss.svg]
[dinerofin.com/m/asset/dashboard/newUI/icons/flag-icon-css/flags/st.svg]
[dinerofin.com/m/asset/dashboard/newUI/icons/flag-icon-css/flags/sv.svg]
[dinerofin.com/m/asset/dashboard/newUI/icons/flag-icon-css/flags/sx.svg]
[dinerofin.com/m/asset/dashboard/newUI/icons/flag-icon-css/flags/sy.svg]
[dinerofin.com/m/asset/dashboard/newUI/icons/flag-icon-css/flags/sz.svg]
[dinerofin.com/m/asset/dashboard/newUI/icons/flag-icon-css/flags/tc.svg]
[dinerofin.com/m/asset/dashboard/newUI/icons/flag-icon-css/flags/td.svg]
[dinerofin.com/m/asset/dashboard/newUI/icons/flag-icon-css/flags/tf.svg]
[dinerofin.com/m/asset/dashboard/newUI/icons/flag-icon-css/flags/tg.svg]
[dinerofin.com/m/asset/dashboard/newUI/icons/flag-icon-css/flags/tj.svg]
[dinerofin.com/m/asset/dashboard/newUI/icons/flag-icon-css/flags/tk.svg]
[dinerofin.com/m/asset/dashboard/newUI/icons/flag-icon-css/flags/tl.svg]
[dinerofin.com/m/asset/dashboard/newUI/icons/flag-icon-css/flags/tm.svg]
[dinerofin.com/m/asset/dashboard/newUI/icons/flag-icon-css/flags/tn.svg]
[dinerofin.com/m/asset/dashboard/newUI/icons/flag-icon-css/flags/to.svg]
[dinerofin.com/m/asset/dashboard/newUI/icons/flag-icon-css/flags/tr.svg]
[dinerofin.com/m/asset/dashboard/newUI/icons/flag-icon-css/flags/tt.svg]
[dinerofin.com/m/asset/dashboard/newUI/icons/flag-icon-css/flags/tv.svg]
[dinerofin.com/m/asset/dashboard/newUI/icons/flag-icon-css/flags/tw.svg]
[dinerofin.com/m/asset/dashboard/newUI/icons/flag-icon-css/flags/tz.svg]
[dinerofin.com/m/asset/dashboard/newUI/icons/flag-icon-css/flags/ug.svg]
[dinerofin.com/m/asset/dashboard/newUI/icons/flag-icon-css/flags/um.svg]
[dinerofin.com/m/asset/dashboard/newUI/icons/flag-icon-css/flags/us.svg]
[dinerofin.com/m/asset/dashboard/newUI/icons/flag-icon-css/flags/uy.svg]
[dinerofin.com/m/asset/dashboard/newUI/icons/flag-icon-css/flags/uz.svg]
[dinerofin.com/m/asset/dashboard/newUI/icons/flag-icon-css/flags/va.svg]
[dinerofin.com/m/asset/dashboard/newUI/icons/flag-icon-css/flags/vc.svg]
[dinerofin.com/m/asset/dashboard/newUI/icons/flag-icon-css/flags/ve.svg]
[dinerofin.com/m/asset/dashboard/newUI/icons/flag-icon-css/flags/vg.svg]
[dinerofin.com/m/asset/dashboard/newUI/icons/flag-icon-css/flags/vi.svg]
[dinerofin.com/m/asset/dashboard/newUI/icons/flag-icon-css/flags/vn.svg]
[dinerofin.com/m/asset/dashboard/newUI/icons/flag-icon-css/flags/vu.svg]
[dinerofin.com/m/asset/dashboard/newUI/icons/flag-icon-css/flags/wf.svg]
[dinerofin.com/m/asset/dashboard/newUI/icons/flag-icon-css/flags/ws.svg]
[dinerofin.com/m/asset/dashboard/newUI/icons/flag-icon-css/flags/yt.svg]
[dinerofin.com/m/asset/dashboard/newUI/icons/flag-icon-css/flags/za.svg]
[dinerofin.com/m/asset/dashboard/newUI/icons/flag-icon-css/flags/zm.svg]
[dinerofin.com/m/asset/dashboard/newUI/icons/flag-icon-css/flag-icon.min.css]
[dinerofin.com/m/asset/dashboard/newUI/icons/flag-icon-css/flags/zw.svg]
[dinerofin.com/m/asset/dashboard/newUI/icons/material-design-iconic-font/fonts/materialdesignicons-webfontd41d.eot]
[dinerofin.com/m/asset/dashboard/newUI/icons/material-design-iconic-font/fonts/materialdesignicons-webfont683c.eot]
[dinerofin.com/m/asset/dashboard/newUI/icons/material-design-iconic-font/fonts/materialdesignicons-webfont683c.woff2]
[dinerofin.com/m/asset/dashboard/newUI/icons/material-design-iconic-font/fonts/materialdesignicons-webfont683c.woff]
[dinerofin.com/m/asset/dashboard/newUI/icons/material-design-iconic-font/fonts/materialdesignicons-webfont683c.ttf]
[dinerofin.com/m/asset/dashboard/newUI/icons/material-design-iconic-font/materialdesignicons.min.css]
[dinerofin.com/m/asset/dashboard/newUI/icons/pe-icon-set-weather/fonts/pe-icon-set-weathere60d.eot]
[dinerofin.com/m/asset/dashboard/newUI/icons/pe-icon-set-weather/fonts/pe-icon-set-weathere60d.ttf]
[dinerofin.com/m/asset/dashboard/newUI/icons/pe-icon-set-weather/fonts/pe-icon-set-weathere60d.woff]
[dinerofin.com/m/asset/dashboard/newUI/icons/pe-icon-set-weather/css/pe-icon-set-weather.min.css]
[dinerofin.com/m/asset/dashboard/newUI/plugins/animate/animate.min.css]
[dinerofin.com/m/asset/dashboard/newUI/plugins/metismenu/css/metisMenu.min.css]
[dinerofin.com/m/asset/dashboard/newUI/plugins/bootstrap-select/dist/css/bootstrap-select.min.css]
[dinerofin.com/m/asset/dashboard/assets/images/big/img6.html]
[dinerofin.com/m/asset/dashboard/assets/images/big/comming-soon-bg.html]
[dinerofin.com/m/asset/dashboard/assets/images/background/password-bg.html]
[dinerofin.com/m/asset/dashboard/assets/images/background/register-bg.html]
[dinerofin.com/m/asset/dashboard/assets/images/background/login-register2.html]
[dinerofin.com/m/asset/dashboard/assets/images/background/login-bg.html]
[dinerofin.com/m/asset/dashboard/assets/images/background/user-lock-bg.html]
[code.tidio.co_443/rovpeh1mwixfpp012nersx0swj4mxhxi.js]
[dinerofin.com/m/asset/dashboard/newUI/icons/pe-icon-set-weather/fonts/pe-icon-set-weathere60d.svg]
[dinerofin.com/m/asset/dashboard/newUI/icons/font-awesome/fonts/fontawesome-webfont3e6e3e6e.svg]
[dinerofin.com/m/asset/dashboard/newUI/icons/simple-line-icons/fonts/Simple-Line-Icons4c824c82.svg]
[dinerofin.com/m/asset/dashboard/newUI/icons/linea-icons/fonts/linea-arrows-10.svg]
[dinerofin.com/m/asset/dashboard/newUI/icons/linea-icons/fonts/linea-basic-10.svg]
[dinerofin.com/m/asset/dashboard/newUI/icons/linea-icons/fonts/linea-basic-elaboration-10.svg]
[dinerofin.com/m/asset/dashboard/newUI/icons/linea-icons/fonts/linea-ecommerce-10.svg]
[dinerofin.com/m/asset/dashboard/newUI/icons/linea-icons/fonts/linea-music-10.svg]
[dinerofin.com/m/asset/dashboard/newUI/icons/linea-icons/fonts/linea-software-10.svg]
[dinerofin.com/m/asset/dashboard/newUI/icons/linea-icons/fonts/linea-weather-10.svg]
[dinerofin.com/m/asset/dashboard/newUI/icons/ionicons/fonts/ionicons28b5.svg]
[dinerofin.com/m/asset/dashboard/newUI/icons/themify-icons/fonts/themify9f249f24.svg]
[dinerofin.com/m/asset/dashboard/newUI/icons/flag-icon-css/flags/ad.svg]
[dinerofin.com/m/asset/dashboard/newUI/icons/flag-icon-css/flags/ae.svg]
[dinerofin.com/m/asset/dashboard/newUI/icons/flag-icon-css/flags/af.svg]
[dinerofin.com/m/asset/dashboard/newUI/icons/flag-icon-css/flags/ag.svg]
[dinerofin.com/m/asset/dashboard/newUI/icons/flag-icon-css/flags/ai.svg]
[dinerofin.com/m/asset/dashboard/newUI/icons/flag-icon-css/flags/al.svg]
[dinerofin.com/m/asset/dashboard/newUI/icons/flag-icon-css/flags/am.svg]
[dinerofin.com/m/asset/dashboard/newUI/icons/flag-icon-css/flags/ao.svg]
[dinerofin.com/m/asset/dashboard/newUI/icons/flag-icon-css/flags/aq.svg]
[dinerofin.com/m/asset/dashboard/newUI/icons/flag-icon-css/flags/ar.svg]
[dinerofin.com/m/asset/dashboard/newUI/icons/flag-icon-css/flags/as.svg]
[dinerofin.com/m/asset/dashboard/newUI/icons/flag-icon-css/flags/at.svg]
[dinerofin.com/m/asset/dashboard/newUI/icons/flag-icon-css/flags/au.svg]
[dinerofin.com/m/asset/dashboard/newUI/icons/flag-icon-css/flags/aw.svg]
[dinerofin.com/m/asset/dashboard/newUI/icons/flag-icon-css/flags/ax.svg]
[dinerofin.com/m/asset/dashboard/newUI/icons/flag-icon-css/flags/az.svg]
[dinerofin.com/m/asset/dashboard/newUI/icons/flag-icon-css/flags/ba.svg]
[dinerofin.com/m/asset/dashboard/newUI/icons/flag-icon-css/flags/bb.svg]
[dinerofin.com/m/asset/dashboard/newUI/icons/flag-icon-css/flags/bd.svg]
[dinerofin.com/m/asset/dashboard/newUI/icons/flag-icon-css/flags/be.svg]
[dinerofin.com/m/asset/dashboard/newUI/icons/flag-icon-css/flags/bf.svg]
[dinerofin.com/m/asset/dashboard/newUI/icons/flag-icon-css/flags/bg.svg]
[dinerofin.com/m/asset/dashboard/newUI/icons/flag-icon-css/flags/bh.svg]
[dinerofin.com/m/asset/dashboard/newUI/icons/flag-icon-css/flags/bi.svg]
[dinerofin.com/m/asset/dashboard/newUI/icons/flag-icon-css/flags/bj.svg]
[dinerofin.com/m/asset/dashboard/newUI/icons/flag-icon-css/flags/bl.svg]
[dinerofin.com/m/asset/dashboard/newUI/icons/flag-icon-css/flags/bm.svg]
[dinerofin.com/m/asset/dashboard/newUI/icons/flag-icon-css/flags/bn.svg]
[dinerofin.com/m/asset/dashboard/newUI/icons/flag-icon-css/flags/bo.svg]
[dinerofin.com/m/asset/dashboard/newUI/icons/flag-icon-css/flags/bq.svg]
[dinerofin.com/m/asset/dashboard/newUI/icons/flag-icon-css/flags/br.svg]
[dinerofin.com/m/asset/dashboard/newUI/icons/flag-icon-css/flags/bs.svg]
[dinerofin.com/m/asset/dashboard/newUI/icons/flag-icon-css/flags/bt.svg]
[dinerofin.com/m/asset/dashboard/newUI/icons/flag-icon-css/flags/bv.svg]
[dinerofin.com/m/asset/dashboard/newUI/icons/flag-icon-css/flags/bw.svg]
[dinerofin.com/m/asset/dashboard/newUI/icons/flag-icon-css/flags/by.svg]
[dinerofin.com/m/asset/dashboard/newUI/icons/flag-icon-css/flags/bz.svg]
[dinerofin.com/m/asset/dashboard/newUI/icons/flag-icon-css/flags/ca.svg]
[dinerofin.com/m/asset/dashboard/newUI/icons/flag-icon-css/flags/cc.svg]
[dinerofin.com/m/asset/dashboard/newUI/icons/flag-icon-css/flags/cd.svg]
[dinerofin.com/m/asset/dashboard/newUI/icons/flag-icon-css/flags/cf.svg]
[dinerofin.com/m/asset/dashboard/newUI/icons/flag-icon-css/flags/cg.svg]
[dinerofin.com/m/asset/dashboard/newUI/icons/flag-icon-css/flags/ch.svg]
[dinerofin.com/m/asset/dashboard/newUI/icons/flag-icon-css/flags/ci.svg]
[dinerofin.com/m/asset/dashboard/newUI/icons/flag-icon-css/flags/ck.svg]
[dinerofin.com/m/asset/dashboard/newUI/icons/flag-icon-css/flags/cl.svg]
[dinerofin.com/m/asset/dashboard/newUI/icons/flag-icon-css/flags/cm.svg]
[dinerofin.com/m/asset/dashboard/newUI/icons/flag-icon-css/flags/cn.svg]
[dinerofin.com/m/asset/dashboard/newUI/icons/flag-icon-css/flags/co.svg]
[dinerofin.com/m/asset/dashboard/newUI/icons/flag-icon-css/flags/cr.svg]
[dinerofin.com/m/asset/dashboard/newUI/icons/flag-icon-css/flags/cu.svg]
[dinerofin.com/m/asset/dashboard/newUI/icons/flag-icon-css/flags/cv.svg]
[dinerofin.com/m/asset/dashboard/newUI/icons/flag-icon-css/flags/cw.svg]
[dinerofin.com/m/asset/dashboard/newUI/icons/flag-icon-css/flags/cx.svg]
[dinerofin.com/m/asset/dashboard/newUI/icons/flag-icon-css/flags/cy.svg]
[dinerofin.com/m/asset/dashboard/newUI/icons/flag-icon-css/flags/cz.svg]
[dinerofin.com/m/asset/dashboard/newUI/icons/flag-icon-css/flags/de.svg]
[dinerofin.com/m/asset/dashboard/newUI/icons/flag-icon-css/flags/dj.svg]
[dinerofin.com/m/asset/dashboard/newUI/icons/flag-icon-css/flags/dk.svg]
[dinerofin.com/m/asset/dashboard/newUI/icons/flag-icon-css/flags/dm.svg]
[dinerofin.com/m/asset/dashboard/newUI/icons/material-design-iconic-font/fonts/materialdesignicons-webfont683c.svg]
[dinerofin.com/m/asset/dashboard/newUI/icons/flag-icon-css/flags/do.svg]
[dinerofin.com/m/asset/dashboard/newUI/icons/flag-icon-css/flags/dz.svg]
[dinerofin.com/m/asset/dashboard/newUI/icons/flag-icon-css/flags/ec.svg]
[dinerofin.com/m/asset/dashboard/newUI/icons/flag-icon-css/flags/ee.svg]
[dinerofin.com/m/asset/dashboard/newUI/icons/flag-icon-css/flags/eg.svg]
[dinerofin.com/m/asset/dashboard/newUI/icons/flag-icon-css/flags/eh.svg]
[dinerofin.com/m/asset/dashboard/newUI/icons/flag-icon-css/flags/er.svg]
[dinerofin.com/m/asset/dashboard/newUI/icons/flag-icon-css/flags/es.svg]
[dinerofin.com/m/asset/dashboard/newUI/icons/flag-icon-css/flags/et.svg]
[dinerofin.com/m/asset/dashboard/newUI/icons/flag-icon-css/flags/fi.svg]
[dinerofin.com/m/asset/dashboard/newUI/icons/flag-icon-css/flags/fj.svg]
[dinerofin.com/m/asset/dashboard/newUI/icons/flag-icon-css/flags/fk.svg]
[dinerofin.com/m/asset/dashboard/newUI/icons/flag-icon-css/flags/fm.svg]
[dinerofin.com/m/asset/dashboard/newUI/icons/flag-icon-css/flags/fo.svg]
[dinerofin.com/m/asset/dashboard/newUI/icons/flag-icon-css/flags/fr.svg]
[dinerofin.com/m/asset/dashboard/newUI/icons/flag-icon-css/flags/ga.svg]
[dinerofin.com/m/asset/dashboard/newUI/icons/flag-icon-css/flags/gb.svg]
[dinerofin.com/m/asset/dashboard/newUI/icons/flag-icon-css/flags/gd.svg]
[dinerofin.com/m/asset/dashboard/newUI/icons/flag-icon-css/flags/ge.svg]
[dinerofin.com/m/asset/dashboard/newUI/icons/flag-icon-css/flags/gf.svg]
[dinerofin.com/m/asset/dashboard/newUI/icons/flag-icon-css/flags/gg.svg]
[dinerofin.com/m/asset/dashboard/newUI/icons/flag-icon-css/flags/gh.svg]
[dinerofin.com/m/asset/dashboard/newUI/icons/flag-icon-css/flags/gi.svg]
[dinerofin.com/m/asset/dashboard/newUI/icons/flag-icon-css/flags/gl.svg]
[dinerofin.com/m/asset/dashboard/newUI/icons/flag-icon-css/flags/gm.svg]
[dinerofin.com/m/asset/dashboard/newUI/icons/flag-icon-css/flags/gn.svg]
[dinerofin.com/m/asset/dashboard/newUI/icons/flag-icon-css/flags/gp.svg]
[dinerofin.com/m/asset/dashboard/newUI/icons/flag-icon-css/flags/gq.svg]
[dinerofin.com/m/asset/dashboard/newUI/icons/flag-icon-css/flags/gr.svg]
[dinerofin.com/m/asset/dashboard/newUI/icons/flag-icon-css/flags/gs.svg]
[dinerofin.com/m/asset/dashboard/newUI/icons/flag-icon-css/flags/gt.svg]
[dinerofin.com/m/asset/dashboard/newUI/icons/flag-icon-css/flags/gu.svg]
[dinerofin.com/m/asset/dashboard/newUI/icons/flag-icon-css/flags/gw.svg]
[dinerofin.com/m/asset/dashboard/newUI/icons/flag-icon-css/flags/gy.svg]
[dinerofin.com/m/asset/dashboard/newUI/icons/flag-icon-css/flags/hk.svg]
[dinerofin.com/m/asset/dashboard/newUI/icons/flag-icon-css/flags/hm.svg]
[dinerofin.com/m/asset/dashboard/newUI/icons/flag-icon-css/flags/hn.svg]
[dinerofin.com/m/asset/dashboard/newUI/icons/flag-icon-css/flags/hr.svg]
[dinerofin.com/m/asset/dashboard/newUI/icons/flag-icon-css/flags/ht.svg]
[dinerofin.com/m/asset/dashboard/newUI/icons/flag-icon-css/flags/hu.svg]
[dinerofin.com/m/asset/dashboard/newUI/icons/flag-icon-css/flags/id.svg]
[dinerofin.com/m/asset/dashboard/newUI/icons/flag-icon-css/flags/ie.svg]
[dinerofin.com/m/asset/dashboard/newUI/icons/flag-icon-css/flags/il.svg]
[dinerofin.com/m/asset/dashboard/newUI/icons/flag-icon-css/flags/im.svg]
[dinerofin.com/m/asset/dashboard/newUI/icons/flag-icon-css/flags/in.svg]
[dinerofin.com/m/asset/dashboard/newUI/icons/flag-icon-css/flags/io.svg]
[dinerofin.com/m/asset/dashboard/newUI/icons/flag-icon-css/flags/iq.svg]
[dinerofin.com/m/asset/dashboard/newUI/icons/flag-icon-css/flags/ir.svg]
[dinerofin.com/m/asset/dashboard/newUI/icons/flag-icon-css/flags/is.svg]
[dinerofin.com/m/asset/dashboard/newUI/icons/flag-icon-css/flags/it.svg]
[dinerofin.com/m/asset/dashboard/newUI/icons/flag-icon-css/flags/je.svg]
[dinerofin.com/m/asset/dashboard/newUI/icons/flag-icon-css/flags/jm.svg]
[dinerofin.com/m/asset/dashboard/newUI/icons/flag-icon-css/flags/jo.svg]
[dinerofin.com/m/asset/dashboard/newUI/icons/flag-icon-css/flags/jp.svg]
[dinerofin.com/m/asset/dashboard/newUI/icons/flag-icon-css/flags/ke.svg]
[dinerofin.com/m/asset/dashboard/newUI/icons/flag-icon-css/flags/kg.svg]
[dinerofin.com/m/asset/dashboard/newUI/icons/flag-icon-css/flags/kh.svg]
[dinerofin.com/m/asset/dashboard/newUI/icons/flag-icon-css/flags/ki.svg]
[dinerofin.com/m/asset/dashboard/newUI/icons/flag-icon-css/flags/km.svg]
[dinerofin.com/m/asset/dashboard/newUI/icons/flag-icon-css/flags/kn.svg]
[dinerofin.com/m/asset/dashboard/newUI/icons/flag-icon-css/flags/kp.svg]
[dinerofin.com/m/asset/dashboard/newUI/icons/flag-icon-css/flags/kr.svg]
[dinerofin.com/m/asset/dashboard/newUI/icons/flag-icon-css/flags/kw.svg]
[dinerofin.com/m/asset/dashboard/newUI/icons/flag-icon-css/flags/ky.svg]
[dinerofin.com/m/asset/dashboard/newUI/icons/flag-icon-css/flags/kz.svg]
[dinerofin.com/m/asset/dashboard/newUI/icons/flag-icon-css/flags/la.svg]
[dinerofin.com/m/asset/dashboard/newUI/icons/flag-icon-css/flags/lb.svg]
[dinerofin.com/m/asset/dashboard/newUI/icons/flag-icon-css/flags/lc.svg]
[dinerofin.com/m/asset/dashboard/newUI/icons/flag-icon-css/flags/li.svg]
[dinerofin.com/m/asset/dashboard/newUI/icons/flag-icon-css/flags/lk.svg]
[dinerofin.com/m/asset/dashboard/newUI/icons/flag-icon-css/flags/lr.svg]
[dinerofin.com/m/asset/dashboard/newUI/icons/flag-icon-css/flags/ls.svg]
[dinerofin.com/m/asset/dashboard/newUI/icons/flag-icon-css/flags/lt.svg]
[dinerofin.com/m/asset/dashboard/newUI/icons/flag-icon-css/flags/lu.svg]
[dinerofin.com/m/asset/dashboard/newUI/icons/flag-icon-css/flags/lv.svg]
[dinerofin.com/m/asset/dashboard/newUI/icons/flag-icon-css/flags/ly.svg]
[dinerofin.com/m/asset/dashboard/newUI/icons/flag-icon-css/flags/ma.svg]
[dinerofin.com/m/asset/dashboard/newUI/icons/flag-icon-css/flags/mc.svg]
[dinerofin.com/m/asset/dashboard/newUI/icons/flag-icon-css/flags/md.svg]
[dinerofin.com/m/asset/dashboard/newUI/icons/flag-icon-css/flags/me.svg]
[dinerofin.com/m/asset/dashboard/newUI/icons/flag-icon-css/flags/mf.svg]
[dinerofin.com/m/asset/dashboard/newUI/icons/flag-icon-css/flags/mg.svg]
[dinerofin.com/m/asset/dashboard/newUI/icons/flag-icon-css/flags/mh.svg]
[dinerofin.com/m/asset/dashboard/newUI/icons/flag-icon-css/flags/mk.svg]
[dinerofin.com/m/asset/dashboard/newUI/icons/flag-icon-css/flags/ml.svg]
[dinerofin.com/m/asset/dashboard/newUI/icons/flag-icon-css/flags/mm.svg]
[dinerofin.com/m/asset/dashboard/newUI/icons/flag-icon-css/flags/mn.svg]
[dinerofin.com/m/asset/dashboard/newUI/icons/flag-icon-css/flags/mo.svg]
[dinerofin.com/m/asset/dashboard/newUI/icons/flag-icon-css/flags/mp.svg]
[dinerofin.com/m/asset/dashboard/newUI/icons/flag-icon-css/flags/mq.svg]
[dinerofin.com/m/asset/dashboard/newUI/icons/flag-icon-css/flags/mr.svg]
[dinerofin.com/m/asset/dashboard/newUI/icons/flag-icon-css/flags/ms.svg]
[dinerofin.com/m/asset/dashboard/newUI/icons/flag-icon-css/flags/mt.svg]
[dinerofin.com/m/asset/dashboard/newUI/icons/flag-icon-css/flags/mu.svg]
[dinerofin.com/m/asset/dashboard/newUI/icons/flag-icon-css/flags/mv.svg]
[dinerofin.com/m/asset/dashboard/newUI/icons/flag-icon-css/flags/mw.svg]
[dinerofin.com/m/asset/dashboard/newUI/icons/flag-icon-css/flags/mx.svg]
[dinerofin.com/m/asset/dashboard/newUI/icons/flag-icon-css/flags/my.svg]
[dinerofin.com/m/asset/dashboard/newUI/icons/flag-icon-css/flags/mz.svg]
[dinerofin.com/m/asset/dashboard/newUI/icons/flag-icon-css/flags/na.svg]
[dinerofin.com/m/asset/dashboard/newUI/icons/flag-icon-css/flags/nc.svg]
[dinerofin.com/m/asset/dashboard/newUI/icons/flag-icon-css/flags/ne.svg]
[dinerofin.com/m/asset/dashboard/newUI/icons/flag-icon-css/flags/nf.svg]
[dinerofin.com/m/asset/dashboard/newUI/icons/flag-icon-css/flags/ng.svg]
[dinerofin.com/m/asset/dashboard/newUI/icons/flag-icon-css/flags/ni.svg]
[dinerofin.com/m/asset/dashboard/newUI/icons/flag-icon-css/flags/nl.svg]
[dinerofin.com/m/asset/dashboard/newUI/icons/flag-icon-css/flags/no.svg]
[dinerofin.com/m/asset/dashboard/newUI/icons/flag-icon-css/flags/np.svg]
[dinerofin.com/m/asset/dashboard/newUI/icons/flag-icon-css/flags/nr.svg]
[dinerofin.com/m/asset/dashboard/newUI/icons/flag-icon-css/flags/nu.svg]
[dinerofin.com/m/asset/dashboard/newUI/icons/flag-icon-css/flags/nz.svg]
[dinerofin.com/m/asset/dashboard/newUI/icons/flag-icon-css/flags/om.svg]
[dinerofin.com/m/asset/dashboard/newUI/icons/flag-icon-css/flags/pa.svg]
[dinerofin.com/m/asset/dashboard/newUI/icons/flag-icon-css/flags/pe.svg]
[dinerofin.com/m/asset/dashboard/newUI/icons/flag-icon-css/flags/pf.svg]
[dinerofin.com/m/asset/dashboard/newUI/icons/flag-icon-css/flags/pg.svg]
[dinerofin.com/m/asset/dashboard/newUI/icons/flag-icon-css/flags/ph.svg]
[dinerofin.com/m/asset/dashboard/newUI/icons/flag-icon-css/flags/pk.svg]
[dinerofin.com/m/asset/dashboard/newUI/icons/flag-icon-css/flags/pl.svg]
[dinerofin.com/m/asset/dashboard/newUI/icons/flag-icon-css/flags/pm.svg]
[dinerofin.com/m/asset/dashboard/newUI/icons/flag-icon-css/flags/pn.svg]
[dinerofin.com/m/asset/dashboard/newUI/icons/flag-icon-css/flags/pr.svg]
[dinerofin.com/m/asset/dashboard/newUI/icons/flag-icon-css/flags/ps.svg]
[dinerofin.com/m/asset/dashboard/newUI/icons/flag-icon-css/flags/pt.svg]
[dinerofin.com/m/asset/dashboard/newUI/icons/flag-icon-css/flags/pw.svg]
[dinerofin.com/m/asset/dashboard/newUI/icons/flag-icon-css/flags/py.svg]
[dinerofin.com/m/asset/dashboard/newUI/icons/flag-icon-css/flags/qa.svg]
[dinerofin.com/m/asset/dashboard/newUI/icons/flag-icon-css/flags/re.svg]
[dinerofin.com/m/asset/dashboard/newUI/icons/flag-icon-css/flags/ro.svg]
[dinerofin.com/m/asset/dashboard/newUI/icons/flag-icon-css/flags/rs.svg]
[dinerofin.com/m/asset/dashboard/newUI/icons/flag-icon-css/flags/ru.svg]
[dinerofin.com/m/asset/dashboard/newUI/icons/flag-icon-css/flags/rw.svg]
[dinerofin.com/m/asset/dashboard/newUI/icons/flag-icon-css/flags/sa.svg]
[dinerofin.com/m/asset/dashboard/newUI/icons/flag-icon-css/flags/sb.svg]
[dinerofin.com/m/asset/dashboard/newUI/icons/flag-icon-css/flags/sc.svg]
[dinerofin.com/m/asset/dashboard/newUI/icons/flag-icon-css/flags/sd.svg]
[dinerofin.com/m/asset/dashboard/newUI/icons/flag-icon-css/flags/se.svg]
[dinerofin.com/m/asset/dashboard/newUI/icons/flag-icon-css/flags/sg.svg]
[dinerofin.com/m/asset/dashboard/newUI/icons/flag-icon-css/flags/sh.svg]
[dinerofin.com/m/asset/dashboard/newUI/icons/flag-icon-css/flags/si.svg]
[dinerofin.com/m/asset/dashboard/newUI/icons/flag-icon-css/flags/sj.svg]
[dinerofin.com/m/asset/dashboard/newUI/icons/flag-icon-css/flags/sk.svg]
[dinerofin.com/m/asset/dashboard/newUI/icons/flag-icon-css/flags/sl.svg]
[dinerofin.com/m/asset/dashboard/newUI/icons/flag-icon-css/flags/sm.svg]
[dinerofin.com/m/asset/dashboard/newUI/icons/flag-icon-css/flags/sn.svg]
[dinerofin.com/m/asset/dashboard/newUI/icons/flag-icon-css/flags/so.svg]
[dinerofin.com/m/asset/dashboard/newUI/icons/flag-icon-css/flags/sr.svg]
[dinerofin.com/m/asset/dashboard/newUI/icons/flag-icon-css/flags/ss.svg]
[dinerofin.com/m/asset/dashboard/newUI/icons/flag-icon-css/flags/st.svg]
[dinerofin.com/m/asset/dashboard/newUI/icons/flag-icon-css/flags/sv.svg]
[dinerofin.com/m/asset/dashboard/newUI/icons/flag-icon-css/flags/sx.svg]
[dinerofin.com/m/asset/dashboard/newUI/icons/flag-icon-css/flags/sy.svg]
[dinerofin.com/m/asset/dashboard/newUI/icons/flag-icon-css/flags/sz.svg]
[dinerofin.com/m/asset/dashboard/newUI/icons/flag-icon-css/flags/tc.svg]
[dinerofin.com/m/asset/dashboard/newUI/icons/flag-icon-css/flags/td.svg]
[dinerofin.com/m/asset/dashboard/newUI/icons/flag-icon-css/flags/tf.svg]
[dinerofin.com/m/asset/dashboard/newUI/icons/flag-icon-css/flags/tg.svg]
[dinerofin.com/m/asset/dashboard/newUI/icons/flag-icon-css/flags/th.svg]
[dinerofin.com/m/asset/dashboard/newUI/icons/flag-icon-css/flags/tj.svg]
[dinerofin.com/m/asset/dashboard/newUI/icons/flag-icon-css/flags/tk.svg]
[dinerofin.com/m/asset/dashboard/newUI/icons/flag-icon-css/flags/tl.svg]
[dinerofin.com/m/asset/dashboard/newUI/icons/flag-icon-css/flags/tm.svg]
[dinerofin.com/m/asset/dashboard/newUI/icons/flag-icon-css/flags/tn.svg]
[dinerofin.com/m/asset/dashboard/newUI/icons/flag-icon-css/flags/to.svg]
[dinerofin.com/m/asset/dashboard/newUI/icons/flag-icon-css/flags/tr.svg]
[dinerofin.com/m/asset/dashboard/newUI/icons/flag-icon-css/flags/tt.svg]
[dinerofin.com/m/asset/dashboard/newUI/icons/flag-icon-css/flags/tv.svg]
[dinerofin.com/m/asset/dashboard/newUI/icons/flag-icon-css/flags/tw.svg]
[dinerofin.com/m/asset/dashboard/newUI/icons/flag-icon-css/flags/tz.svg]
[dinerofin.com/m/asset/dashboard/newUI/icons/flag-icon-css/flags/ua.svg]
[dinerofin.com/m/asset/dashboard/newUI/icons/flag-icon-css/flags/ug.svg]
[dinerofin.com/m/asset/dashboard/newUI/icons/flag-icon-css/flags/um.svg]
[dinerofin.com/m/asset/dashboard/newUI/icons/flag-icon-css/flags/us.svg]
[dinerofin.com/m/asset/dashboard/newUI/icons/flag-icon-css/flags/uy.svg]
[dinerofin.com/m/asset/dashboard/newUI/icons/flag-icon-css/flags/uz.svg]
[dinerofin.com/m/asset/dashboard/newUI/icons/flag-icon-css/flags/va.svg]
[dinerofin.com/m/asset/dashboard/newUI/icons/flag-icon-css/flags/vc.svg]
[dinerofin.com/m/asset/dashboard/newUI/icons/flag-icon-css/flags/ve.svg]
[dinerofin.com/m/asset/dashboard/newUI/icons/flag-icon-css/flags/vg.svg]
[dinerofin.com/m/asset/dashboard/newUI/icons/flag-icon-css/flags/vi.svg]
[dinerofin.com/m/asset/dashboard/newUI/icons/flag-icon-css/flags/vn.svg]
[dinerofin.com/m/asset/dashboard/newUI/icons/flag-icon-css/flags/vu.svg]
[dinerofin.com/m/asset/dashboard/newUI/icons/flag-icon-css/flags/wf.svg]
[dinerofin.com/m/asset/dashboard/newUI/icons/flag-icon-css/flags/ws.svg]
[dinerofin.com/m/asset/dashboard/newUI/icons/flag-icon-css/flags/ye.svg]
[dinerofin.com/m/asset/dashboard/newUI/icons/flag-icon-css/flags/yt.svg]
[dinerofin.com/m/asset/dashboard/newUI/icons/flag-icon-css/flags/za.svg]
[dinerofin.com/m/asset/dashboard/newUI/icons/flag-icon-css/flags/zm.svg]
[dinerofin.com/m/asset/dashboard/newUI/icons/flag-icon-css/flags/zw.svg]
[dinerofin.com/m/asset/dashboard/newUI/icons/material-design-iconic-font/fonts/materialdesignicons-webfont683c.svg]
[dinerofin.com/m/asset/dashboard/newUI/icons/pe-icon-set-weather/fonts/pe-icon-set-weathere60d.svg]
